#
# There is insufficient memory for the Java Runtime Environment to continue.
# Native memory allocation (malloc) failed to allocate 1796976 bytes. Error detail: Chunk::new
# Possible reasons:
#   The system is out of physical RAM or swap space
#   This process is running with CompressedOops enabled, and the Java Heap may be blocking the growth of the native heap
# Possible solutions:
#   Reduce memory load on the system
#   Increase physical memory or swap space
#   Check if swap backing store is full
#   Decrease Java heap size (-Xmx/-Xms)
#   Decrease number of Java threads
#   Decrease Java thread stack sizes (-Xss)
#   Set larger code cache with -XX:ReservedCodeCacheSize=
#   JVM is running with Unscaled Compressed Oops mode in which the Java heap is
#     placed in the first 4GB address space. The Java Heap base address is the
#     maximum limit for the native heap growth. Please use -XX:HeapBaseMinAddress
#     to set the Java Heap base and to place the Java Heap above 4GB virtual address.
# This output file may be truncated or incomplete.
#
#  Out of Memory Error (arena.cpp:168), pid=9452, tid=28384
#
# JRE version: OpenJDK Runtime Environment Temurin-21.0.10+7 (21.0.10+7) (build 21.0.10+7-LTS)
# Java VM: OpenJDK 64-Bit Server VM Temurin-21.0.10+7 (21.0.10+7-LTS, mixed mode, sharing, tiered, compressed oops, compressed class ptrs, g1 gc, windows-amd64)
# No core dump will be written. Minidumps are not enabled by default on client versions of Windows
#

---------------  S U M M A R Y ------------

Command Line: --add-opens=java.base/java.util=ALL-UNNAMED --add-opens=java.base/java.lang=ALL-UNNAMED --add-opens=java.base/java.lang.invoke=ALL-UNNAMED --add-opens=java.prefs/java.util.prefs=ALL-UNNAMED --add-exports=jdk.compiler/com.sun.tools.javac.api=ALL-UNNAMED --add-exports=jdk.compiler/com.sun.tools.javac.util=ALL-UNNAMED --add-opens=java.base/java.nio.charset=ALL-UNNAMED --add-opens=java.base/java.net=ALL-UNNAMED --add-opens=java.base/java.util.concurrent.atomic=ALL-UNNAMED -XX:MaxMetaspaceSize=384m -XX:+HeapDumpOnOutOfMemoryError -Xms256m -Xmx512m -Dfile.encoding=utf8 -Duser.country=US -Duser.language=en -Duser.variant -javaagent:C:\Users\fuadh\.gradle\wrapper\dists\gradle-8.9-bin\90cnw93cvbtalezasaz0blq0a\gradle-8.9\lib\agents\gradle-instrumentation-agent-8.9.jar org.gradle.launcher.daemon.bootstrap.GradleDaemon 8.9

Host: 12th Gen Intel(R) Core(TM) i5-12400, 12 cores, 15G,  Windows 11 , 64 bit Build 26100 (10.0.26100.8521)
Time: Tue Jun 23 16:14:49 2026 Bangladesh Standard Time elapsed time: 59.466529 seconds (0d 0h 0m 59s)

---------------  T H R E A D  ---------------

Current thread (0x000001325416ee70):  JavaThread "C2 CompilerThread0" daemon [_thread_in_native, id=28384, stack(0x0000001521300000,0x0000001521400000) (1024K)]


Current CompileTask:
C2:59466 4490       4       java.net.URLClassLoader$1::run (5 bytes)

Stack: [0x0000001521300000,0x0000001521400000]
Native frames: (J=compiled Java code, j=interpreted, Vv=VM code, C=native code)
V  [jvm.dll+0x6d7a39]
V  [jvm.dll+0x8b4b26]
V  [jvm.dll+0x8b70de]
V  [jvm.dll+0x8b77c3]
V  [jvm.dll+0x284346]
V  [jvm.dll+0xc66ed]
V  [jvm.dll+0xc6c31]
V  [jvm.dll+0x3bec01]
V  [jvm.dll+0x38b162]
V  [jvm.dll+0x38a5aa]
V  [jvm.dll+0x24c560]
V  [jvm.dll+0x24bb40]
V  [jvm.dll+0x1cb34e]
V  [jvm.dll+0x25b85d]
V  [jvm.dll+0x259dea]
V  [jvm.dll+0x3f857e]
V  [jvm.dll+0x85f59d]
V  [jvm.dll+0x6d626d]
C  [ucrtbase.dll+0x2cd30]
C  [KERNEL32.DLL+0x2e957]
C  [ntdll.dll+0x87c1c]


---------------  P R O C E S S  ---------------

Threads class SMR info:
_java_thread_list=0x000001326ee931c0, length=35, elements={
0x000001323e331ab0, 0x000001325414d9f0, 0x000001325414e600, 0x0000013254153c90,
0x000001325415aaa0, 0x000001325415d4b0, 0x00000132541660d0, 0x000001325416ee70,
0x0000013254170260, 0x00000132543698e0, 0x000001325445b850, 0x000001325435d920,
0x000001325439a6d0, 0x000001326e37cc60, 0x000001326e445de0, 0x000001325470ef40,
0x000001326ed52710, 0x000001326ed53430, 0x000001326ed52da0, 0x000001326ed53ac0,
0x000001326ed54150, 0x000001326ed547e0, 0x000001326ed54e70, 0x000001326ed52080,
0x000001327024b040, 0x0000013270248f70, 0x0000013270248250, 0x000001327024a320,
0x000001327024b6d0, 0x00000132702488e0, 0x0000013270249600, 0x0000013270249c90,
0x000001327024a9b0, 0x000001326eea75a0, 0x000001326e455a70
}

Java Threads: ( => current thread )
  0x000001323e331ab0 JavaThread "main"                              [_thread_blocked, id=1580, stack(0x0000001520500000,0x0000001520600000) (1024K)]
  0x000001325414d9f0 JavaThread "Reference Handler"          daemon [_thread_blocked, id=12940, stack(0x0000001520d00000,0x0000001520e00000) (1024K)]
  0x000001325414e600 JavaThread "Finalizer"                  daemon [_thread_blocked, id=36396, stack(0x0000001520e00000,0x0000001520f00000) (1024K)]
  0x0000013254153c90 JavaThread "Signal Dispatcher"          daemon [_thread_blocked, id=36600, stack(0x0000001520f00000,0x0000001521000000) (1024K)]
  0x000001325415aaa0 JavaThread "Attach Listener"            daemon [_thread_blocked, id=15088, stack(0x0000001521000000,0x0000001521100000) (1024K)]
  0x000001325415d4b0 JavaThread "Service Thread"             daemon [_thread_blocked, id=50036, stack(0x0000001521100000,0x0000001521200000) (1024K)]
  0x00000132541660d0 JavaThread "Monitor Deflation Thread"   daemon [_thread_blocked, id=23656, stack(0x0000001521200000,0x0000001521300000) (1024K)]
=>0x000001325416ee70 JavaThread "C2 CompilerThread0"         daemon [_thread_in_native, id=28384, stack(0x0000001521300000,0x0000001521400000) (1024K)]
  0x0000013254170260 JavaThread "C1 CompilerThread0"         daemon [_thread_blocked, id=7332, stack(0x0000001521400000,0x0000001521500000) (1024K)]
  0x00000132543698e0 JavaThread "Common-Cleaner"             daemon [_thread_blocked, id=18952, stack(0x0000001521500000,0x0000001521600000) (1024K)]
  0x000001325445b850 JavaThread "Notification Thread"        daemon [_thread_blocked, id=14048, stack(0x0000001521600000,0x0000001521700000) (1024K)]
  0x000001325435d920 JavaThread "Daemon health stats"               [_thread_blocked, id=40988, stack(0x0000001521700000,0x0000001521800000) (1024K)]
  0x000001325439a6d0 JavaThread "Incoming local TCP Connector on port 50902"        [_thread_in_native, id=45792, stack(0x0000001521d00000,0x0000001521e00000) (1024K)]
  0x000001326e37cc60 JavaThread "Daemon periodic checks"            [_thread_blocked, id=20116, stack(0x0000001521e00000,0x0000001521f00000) (1024K)]
  0x000001326e445de0 JavaThread "Daemon"                            [_thread_blocked, id=37900, stack(0x0000001521f00000,0x0000001522000000) (1024K)]
  0x000001325470ef40 JavaThread "Handler for socket connection from /127.0.0.1:50902 to /127.0.0.1:50906"        [_thread_in_native, id=29140, stack(0x0000001522000000,0x0000001522100000) (1024K)]
  0x000001326ed52710 JavaThread "Cancel handler"                    [_thread_blocked, id=18900, stack(0x0000001522100000,0x0000001522200000) (1024K)]
  0x000001326ed53430 JavaThread "Daemon worker"                     [_thread_in_vm, id=21500, stack(0x0000001522200000,0x0000001522300000) (1024K)]
  0x000001326ed52da0 JavaThread "Asynchronous log dispatcher for DefaultDaemonConnection: socket connection from /127.0.0.1:50902 to /127.0.0.1:50906"        [_thread_blocked, id=53692, stack(0x0000001522300000,0x0000001522400000) (1024K)]
  0x000001326ed53ac0 JavaThread "Stdin handler"                     [_thread_blocked, id=36060, stack(0x0000001522400000,0x0000001522500000) (1024K)]
  0x000001326ed54150 JavaThread "Daemon client event forwarder"        [_thread_blocked, id=34456, stack(0x0000001522500000,0x0000001522600000) (1024K)]
  0x000001326ed547e0 JavaThread "Cache worker for journal cache (C:\Users\fuadh\.gradle\caches\journal-1)"        [_thread_blocked, id=26072, stack(0x0000001522600000,0x0000001522700000) (1024K)]
  0x000001326ed54e70 JavaThread "File lock request listener"        [_thread_in_native, id=40604, stack(0x0000001522700000,0x0000001522800000) (1024K)]
  0x000001326ed52080 JavaThread "Cache worker for file hash cache (C:\Users\fuadh\.gradle\caches\8.9\fileHashes)"        [_thread_blocked, id=40836, stack(0x0000001522800000,0x0000001522900000) (1024K)]
  0x000001327024b040 JavaThread "Cache worker for file hash cache (C:\Users\fuadh\projects\friends_hangout_app\node_modules\react-native-linear-gradient\android\.gradle\8.9\fileHashes)"        [_thread_blocked, id=25228, stack(0x0000001522e00000,0x0000001522f00000) (1024K)]
  0x0000013270248f70 JavaThread "Cache worker for Build Output Cleanup Cache (C:\Users\fuadh\projects\friends_hangout_app\node_modules\react-native-linear-gradient\android\.gradle\buildOutputCleanup)"        [_thread_blocked, id=21044, stack(0x0000001522f00000,0x0000001523000000) (1024K)]
  0x0000013270248250 JavaThread "File watcher server"        daemon [_thread_in_native, id=42896, stack(0x0000001523000000,0x0000001523100000) (1024K)]
  0x000001327024a320 JavaThread "File watcher consumer"      daemon [_thread_blocked, id=5184, stack(0x0000001523100000,0x0000001523200000) (1024K)]
  0x000001327024b6d0 JavaThread "Cache worker for checksums cache (C:\Users\fuadh\projects\friends_hangout_app\node_modules\react-native-linear-gradient\android\.gradle\8.9\checksums)"        [_thread_blocked, id=3972, stack(0x0000001523200000,0x0000001523300000) (1024K)]
  0x00000132702488e0 JavaThread "Cache worker for file content cache (C:\Users\fuadh\.gradle\caches\8.9\fileContent)"        [_thread_blocked, id=8772, stack(0x0000001523300000,0x0000001523400000) (1024K)]
  0x0000013270249600 JavaThread "Cache worker for cache directory md-rule (C:\Users\fuadh\.gradle\caches\8.9\md-rule)"        [_thread_blocked, id=37896, stack(0x0000001523400000,0x0000001523500000) (1024K)]
  0x0000013270249c90 JavaThread "Cache worker for cache directory md-supplier (C:\Users\fuadh\.gradle\caches\8.9\md-supplier)"        [_thread_blocked, id=28464, stack(0x0000001523500000,0x0000001523600000) (1024K)]
  0x000001327024a9b0 JavaThread "jar transforms"                    [_thread_blocked, id=17140, stack(0x0000001523600000,0x0000001523700000) (1024K)]
  0x000001326eea75a0 JavaThread "C2 CompilerThread1"         daemon [_thread_in_native, id=49676, stack(0x0000001523700000,0x0000001523800000) (1024K)]
  0x000001326e455a70 JavaThread "jar transforms Thread 2"           [_thread_blocked, id=49800, stack(0x0000001523800000,0x0000001523900000) (1024K)]
Total: 35

Other Threads:
  0x0000013254131920 VMThread "VM Thread"                           [id=55028, stack(0x0000001520c00000,0x0000001520d00000) (1024K)] _threads_hazard_ptr=0x000001326ee931c0
  0x0000013254122900 WatcherThread "VM Periodic Task Thread"        [id=11568, stack(0x0000001520b00000,0x0000001520c00000) (1024K)]
  0x000001323e35b960 WorkerThread "GC Thread#0"                     [id=51256, stack(0x0000001520600000,0x0000001520700000) (1024K)]
  0x0000013254472850 WorkerThread "GC Thread#1"                     [id=47624, stack(0x0000001521800000,0x0000001521900000) (1024K)]
  0x0000013254c623a0 WorkerThread "GC Thread#2"                     [id=3416, stack(0x0000001521900000,0x0000001521a00000) (1024K)]
  0x0000013254c45f10 WorkerThread "GC Thread#3"                     [id=3020, stack(0x0000001521a00000,0x0000001521b00000) (1024K)]
  0x0000013254cb5720 WorkerThread "GC Thread#4"                     [id=16160, stack(0x0000001521b00000,0x0000001521c00000) (1024K)]
  0x000001325456a0c0 WorkerThread "GC Thread#5"                     [id=49448, stack(0x0000001521c00000,0x0000001521d00000) (1024K)]
  0x0000013271e072f0 WorkerThread "GC Thread#6"                     [id=45464, stack(0x0000001520300000,0x0000001520400000) (1024K)]
  0x0000013271e07a50 WorkerThread "GC Thread#7"                     [id=15168, stack(0x0000001522900000,0x0000001522a00000) (1024K)]
  0x0000013271e07e00 WorkerThread "GC Thread#8"                     [id=35064, stack(0x0000001522a00000,0x0000001522b00000) (1024K)]
  0x0000013271e06430 WorkerThread "GC Thread#9"                     [id=11604, stack(0x0000001522b00000,0x0000001522c00000) (1024K)]
  0x000001323e360860 ConcurrentGCThread "G1 Main Marker"            [id=11440, stack(0x0000001520700000,0x0000001520800000) (1024K)]
  0x000001323e363110 WorkerThread "G1 Conc#0"                       [id=53184, stack(0x0000001520800000,0x0000001520900000) (1024K)]
  0x0000013271e081b0 WorkerThread "G1 Conc#1"                       [id=1596, stack(0x0000001522c00000,0x0000001522d00000) (1024K)]
  0x0000013271e06f40 WorkerThread "G1 Conc#2"                       [id=13844, stack(0x0000001522d00000,0x0000001522e00000) (1024K)]
  0x000001323e3eeb00 ConcurrentGCThread "G1 Refine#0"               [id=43984, stack(0x0000001520900000,0x0000001520a00000) (1024K)]
  0x0000013253ff5850 ConcurrentGCThread "G1 Service"                [id=9892, stack(0x0000001520a00000,0x0000001520b00000) (1024K)]
Total: 18

Threads with active compile tasks:
C2 CompilerThread0  61645 4490       4       java.net.URLClassLoader$1::run (5 bytes)
C2 CompilerThread1  61645 4408   !   4       java.lang.ClassLoader::loadClass (121 bytes)
Total: 2

VM state: synchronizing (normal execution)

VM Mutex/Monitor currently owned by a thread:  ([mutex/lock_event])
[0x00007ffc8eb9c4e0] Metaspace_lock - owner thread: 0x000001326ed53430
[0x00007ffc8eb9e560] Threads_lock - owner thread: 0x0000013254131920

Heap address: 0x00000000e0000000, size: 512 MB, Compressed Oops mode: 32-bit

CDS archive(s) mapped at: [0x0000013255000000-0x0000013255ba0000-0x0000013255ba0000), size 12189696, SharedBaseAddress: 0x0000013255000000, ArchiveRelocationMode: 1.
Compressed class space mapped at: 0x0000013256000000-0x000001326a000000, reserved size: 335544320
Narrow klass base: 0x0000013255000000, Narrow klass shift: 0, Narrow klass range: 0x100000000

GC Precious Log:
 CardTable entry size: 512
 Card Set container configuration: InlinePtr #cards 5 size 8 Array Of Cards #cards 12 size 40 Howl #buckets 4 coarsen threshold 1843 Howl Bitmap #cards 512 size 80 coarsen threshold 460 Card regions per heap region 1 cards per card region 2048
 CPUs: 12 total, 12 available
 Memory: 16171M
 Large Page Support: Disabled
 NUMA Support: Disabled
 Compressed Oops: Enabled (32-bit)
 Heap Region Size: 1M
 Heap Min Capacity: 256M
 Heap Initial Capacity: 256M
 Heap Max Capacity: 512M
 Pre-touch: Disabled
 Parallel Workers: 10
 Concurrent Workers: 3
 Concurrent Refinement Workers: 10
 Periodic GC: Disabled

Heap:
 garbage-first heap   total 262144K, used 79322K [0x00000000e0000000, 0x0000000100000000)
  region size 1024K, 49 young (50176K), 8 survivors (8192K)
 Metaspace       used 38416K, committed 39680K, reserved 393216K
  class space    used 5590K, committed 6208K, reserved 327680K

Heap Regions: E=young(eden), S=young(survivor), O=old, HS=humongous(starts), HC=humongous(continues), CS=collection set, F=free, TAMS=top-at-mark-start, PB=parsable bottom
|   0|0x00000000e0000000, 0x00000000e0100000, 0x00000000e0100000|100%|HS|  |TAMS 0x00000000e0000000| PB 0x00000000e0000000| Complete 
|   1|0x00000000e0100000, 0x00000000e0200000, 0x00000000e0200000|100%|HC|  |TAMS 0x00000000e0100000| PB 0x00000000e0100000| Complete 
|   2|0x00000000e0200000, 0x00000000e0300000, 0x00000000e0300000|100%|HC|  |TAMS 0x00000000e0200000| PB 0x00000000e0200000| Complete 
|   3|0x00000000e0300000, 0x00000000e0400000, 0x00000000e0400000|100%|HC|  |TAMS 0x00000000e0300000| PB 0x00000000e0300000| Complete 
|   4|0x00000000e0400000, 0x00000000e0500000, 0x00000000e0500000|100%|HS|  |TAMS 0x00000000e0400000| PB 0x00000000e0400000| Complete 
|   5|0x00000000e0500000, 0x00000000e0600000, 0x00000000e0600000|100%| O|  |TAMS 0x00000000e0500000| PB 0x00000000e0500000| Untracked 
|   6|0x00000000e0600000, 0x00000000e0700000, 0x00000000e0700000|100%| O|  |TAMS 0x00000000e0600000| PB 0x00000000e0600000| Untracked 
|   7|0x00000000e0700000, 0x00000000e0800000, 0x00000000e0800000|100%| O|  |TAMS 0x00000000e0700000| PB 0x00000000e0700000| Untracked 
|   8|0x00000000e0800000, 0x00000000e0900000, 0x00000000e0900000|100%| O|  |TAMS 0x00000000e0800000| PB 0x00000000e0800000| Untracked 
|   9|0x00000000e0900000, 0x00000000e0a00000, 0x00000000e0a00000|100%| O|  |TAMS 0x00000000e0900000| PB 0x00000000e0900000| Untracked 
|  10|0x00000000e0a00000, 0x00000000e0b00000, 0x00000000e0b00000|100%| O|  |TAMS 0x00000000e0a00000| PB 0x00000000e0a00000| Untracked 
|  11|0x00000000e0b00000, 0x00000000e0c00000, 0x00000000e0c00000|100%|HS|  |TAMS 0x00000000e0b00000| PB 0x00000000e0b00000| Complete 
|  12|0x00000000e0c00000, 0x00000000e0d00000, 0x00000000e0d00000|100%| O|  |TAMS 0x00000000e0c00000| PB 0x00000000e0c00000| Untracked 
|  13|0x00000000e0d00000, 0x00000000e0e00000, 0x00000000e0e00000|100%| O|  |TAMS 0x00000000e0d00000| PB 0x00000000e0d00000| Untracked 
|  14|0x00000000e0e00000, 0x00000000e0f00000, 0x00000000e0f00000|100%| O|  |TAMS 0x00000000e0e00000| PB 0x00000000e0e00000| Untracked 
|  15|0x00000000e0f00000, 0x00000000e1000000, 0x00000000e1000000|100%| O|  |TAMS 0x00000000e0f00000| PB 0x00000000e0f00000| Untracked 
|  16|0x00000000e1000000, 0x00000000e1100000, 0x00000000e1100000|100%| O|  |TAMS 0x00000000e1000000| PB 0x00000000e1000000| Untracked 
|  17|0x00000000e1100000, 0x00000000e1200000, 0x00000000e1200000|100%| O|  |TAMS 0x00000000e1100000| PB 0x00000000e1100000| Untracked 
|  18|0x00000000e1200000, 0x00000000e1300000, 0x00000000e1300000|100%| O|  |TAMS 0x00000000e1200000| PB 0x00000000e1200000| Untracked 
|  19|0x00000000e1300000, 0x00000000e1400000, 0x00000000e1400000|100%| O|  |TAMS 0x00000000e1300000| PB 0x00000000e1300000| Untracked 
|  20|0x00000000e1400000, 0x00000000e1500000, 0x00000000e1500000|100%| O|  |TAMS 0x00000000e1400000| PB 0x00000000e1400000| Untracked 
|  21|0x00000000e1500000, 0x00000000e1600000, 0x00000000e1600000|100%| O|  |TAMS 0x00000000e1500000| PB 0x00000000e1500000| Untracked 
|  22|0x00000000e1600000, 0x00000000e1700000, 0x00000000e1700000|100%| O|  |TAMS 0x00000000e1600000| PB 0x00000000e1600000| Untracked 
|  23|0x00000000e1700000, 0x00000000e1800000, 0x00000000e1800000|100%| O|  |TAMS 0x00000000e1700000| PB 0x00000000e1700000| Untracked 
|  24|0x00000000e1800000, 0x00000000e1900000, 0x00000000e1900000|100%| O|Cm|TAMS 0x00000000e1800000| PB 0x00000000e1800000| Complete 
|  25|0x00000000e1900000, 0x00000000e197c0d0, 0x00000000e1a00000| 48%| O|  |TAMS 0x00000000e1900000| PB 0x00000000e1900000| Untracked 
|  26|0x00000000e1a00000, 0x00000000e1b00000, 0x00000000e1b00000|100%|HS|  |TAMS 0x00000000e1a00000| PB 0x00000000e1a00000| Complete 
|  27|0x00000000e1b00000, 0x00000000e1c00000, 0x00000000e1c00000|100%|HC|  |TAMS 0x00000000e1b00000| PB 0x00000000e1b00000| Complete 
|  28|0x00000000e1c00000, 0x00000000e1d00000, 0x00000000e1d00000|100%|HS|  |TAMS 0x00000000e1c00000| PB 0x00000000e1c00000| Complete 
|  29|0x00000000e1d00000, 0x00000000e1e00000, 0x00000000e1e00000|100%|HC|  |TAMS 0x00000000e1d00000| PB 0x00000000e1d00000| Complete 
|  30|0x00000000e1e00000, 0x00000000e1e00000, 0x00000000e1f00000|  0%| F|  |TAMS 0x00000000e1e00000| PB 0x00000000e1e00000| Untracked 
|  31|0x00000000e1f00000, 0x00000000e1f00000, 0x00000000e2000000|  0%| F|  |TAMS 0x00000000e1f00000| PB 0x00000000e1f00000| Untracked 
|  32|0x00000000e2000000, 0x00000000e2000000, 0x00000000e2100000|  0%| F|  |TAMS 0x00000000e2000000| PB 0x00000000e2000000| Untracked 
|  33|0x00000000e2100000, 0x00000000e2100000, 0x00000000e2200000|  0%| F|  |TAMS 0x00000000e2100000| PB 0x00000000e2100000| Untracked 
|  34|0x00000000e2200000, 0x00000000e2200000, 0x00000000e2300000|  0%| F|  |TAMS 0x00000000e2200000| PB 0x00000000e2200000| Untracked 
|  35|0x00000000e2300000, 0x00000000e2300000, 0x00000000e2400000|  0%| F|  |TAMS 0x00000000e2300000| PB 0x00000000e2300000| Untracked 
|  36|0x00000000e2400000, 0x00000000e2400000, 0x00000000e2500000|  0%| F|  |TAMS 0x00000000e2400000| PB 0x00000000e2400000| Untracked 
|  37|0x00000000e2500000, 0x00000000e2500000, 0x00000000e2600000|  0%| F|  |TAMS 0x00000000e2500000| PB 0x00000000e2500000| Untracked 
|  38|0x00000000e2600000, 0x00000000e2600000, 0x00000000e2700000|  0%| F|  |TAMS 0x00000000e2600000| PB 0x00000000e2600000| Untracked 
|  39|0x00000000e2700000, 0x00000000e2700000, 0x00000000e2800000|  0%| F|  |TAMS 0x00000000e2700000| PB 0x00000000e2700000| Untracked 
|  40|0x00000000e2800000, 0x00000000e2800000, 0x00000000e2900000|  0%| F|  |TAMS 0x00000000e2800000| PB 0x00000000e2800000| Untracked 
|  41|0x00000000e2900000, 0x00000000e2900000, 0x00000000e2a00000|  0%| F|  |TAMS 0x00000000e2900000| PB 0x00000000e2900000| Untracked 
|  42|0x00000000e2a00000, 0x00000000e2a00000, 0x00000000e2b00000|  0%| F|  |TAMS 0x00000000e2a00000| PB 0x00000000e2a00000| Untracked 
|  43|0x00000000e2b00000, 0x00000000e2b00000, 0x00000000e2c00000|  0%| F|  |TAMS 0x00000000e2b00000| PB 0x00000000e2b00000| Untracked 
|  44|0x00000000e2c00000, 0x00000000e2c00000, 0x00000000e2d00000|  0%| F|  |TAMS 0x00000000e2c00000| PB 0x00000000e2c00000| Untracked 
|  45|0x00000000e2d00000, 0x00000000e2d00000, 0x00000000e2e00000|  0%| F|  |TAMS 0x00000000e2d00000| PB 0x00000000e2d00000| Untracked 
|  46|0x00000000e2e00000, 0x00000000e2e00000, 0x00000000e2f00000|  0%| F|  |TAMS 0x00000000e2e00000| PB 0x00000000e2e00000| Untracked 
|  47|0x00000000e2f00000, 0x00000000e2f00000, 0x00000000e3000000|  0%| F|  |TAMS 0x00000000e2f00000| PB 0x00000000e2f00000| Untracked 
|  48|0x00000000e3000000, 0x00000000e3000000, 0x00000000e3100000|  0%| F|  |TAMS 0x00000000e3000000| PB 0x00000000e3000000| Untracked 
|  49|0x00000000e3100000, 0x00000000e3100000, 0x00000000e3200000|  0%| F|  |TAMS 0x00000000e3100000| PB 0x00000000e3100000| Untracked 
|  50|0x00000000e3200000, 0x00000000e3200000, 0x00000000e3300000|  0%| F|  |TAMS 0x00000000e3200000| PB 0x00000000e3200000| Untracked 
|  51|0x00000000e3300000, 0x00000000e3300000, 0x00000000e3400000|  0%| F|  |TAMS 0x00000000e3300000| PB 0x00000000e3300000| Untracked 
|  52|0x00000000e3400000, 0x00000000e3400000, 0x00000000e3500000|  0%| F|  |TAMS 0x00000000e3400000| PB 0x00000000e3400000| Untracked 
|  53|0x00000000e3500000, 0x00000000e3500000, 0x00000000e3600000|  0%| F|  |TAMS 0x00000000e3500000| PB 0x00000000e3500000| Untracked 
|  54|0x00000000e3600000, 0x00000000e3600000, 0x00000000e3700000|  0%| F|  |TAMS 0x00000000e3600000| PB 0x00000000e3600000| Untracked 
|  55|0x00000000e3700000, 0x00000000e3700000, 0x00000000e3800000|  0%| F|  |TAMS 0x00000000e3700000| PB 0x00000000e3700000| Untracked 
|  56|0x00000000e3800000, 0x00000000e3800000, 0x00000000e3900000|  0%| F|  |TAMS 0x00000000e3800000| PB 0x00000000e3800000| Untracked 
|  57|0x00000000e3900000, 0x00000000e3900000, 0x00000000e3a00000|  0%| F|  |TAMS 0x00000000e3900000| PB 0x00000000e3900000| Untracked 
|  58|0x00000000e3a00000, 0x00000000e3a00000, 0x00000000e3b00000|  0%| F|  |TAMS 0x00000000e3a00000| PB 0x00000000e3a00000| Untracked 
|  59|0x00000000e3b00000, 0x00000000e3b00000, 0x00000000e3c00000|  0%| F|  |TAMS 0x00000000e3b00000| PB 0x00000000e3b00000| Untracked 
|  60|0x00000000e3c00000, 0x00000000e3c00000, 0x00000000e3d00000|  0%| F|  |TAMS 0x00000000e3c00000| PB 0x00000000e3c00000| Untracked 
|  61|0x00000000e3d00000, 0x00000000e3d00000, 0x00000000e3e00000|  0%| F|  |TAMS 0x00000000e3d00000| PB 0x00000000e3d00000| Untracked 
|  62|0x00000000e3e00000, 0x00000000e3e00000, 0x00000000e3f00000|  0%| F|  |TAMS 0x00000000e3e00000| PB 0x00000000e3e00000| Untracked 
|  63|0x00000000e3f00000, 0x00000000e3f00000, 0x00000000e4000000|  0%| F|  |TAMS 0x00000000e3f00000| PB 0x00000000e3f00000| Untracked 
|  64|0x00000000e4000000, 0x00000000e4000000, 0x00000000e4100000|  0%| F|  |TAMS 0x00000000e4000000| PB 0x00000000e4000000| Untracked 
|  65|0x00000000e4100000, 0x00000000e4100000, 0x00000000e4200000|  0%| F|  |TAMS 0x00000000e4100000| PB 0x00000000e4100000| Untracked 
|  66|0x00000000e4200000, 0x00000000e4200000, 0x00000000e4300000|  0%| F|  |TAMS 0x00000000e4200000| PB 0x00000000e4200000| Untracked 
|  67|0x00000000e4300000, 0x00000000e4300000, 0x00000000e4400000|  0%| F|  |TAMS 0x00000000e4300000| PB 0x00000000e4300000| Untracked 
|  68|0x00000000e4400000, 0x00000000e4400000, 0x00000000e4500000|  0%| F|  |TAMS 0x00000000e4400000| PB 0x00000000e4400000| Untracked 
|  69|0x00000000e4500000, 0x00000000e4500000, 0x00000000e4600000|  0%| F|  |TAMS 0x00000000e4500000| PB 0x00000000e4500000| Untracked 
|  70|0x00000000e4600000, 0x00000000e4600000, 0x00000000e4700000|  0%| F|  |TAMS 0x00000000e4600000| PB 0x00000000e4600000| Untracked 
|  71|0x00000000e4700000, 0x00000000e4700000, 0x00000000e4800000|  0%| F|  |TAMS 0x00000000e4700000| PB 0x00000000e4700000| Untracked 
|  72|0x00000000e4800000, 0x00000000e4800000, 0x00000000e4900000|  0%| F|  |TAMS 0x00000000e4800000| PB 0x00000000e4800000| Untracked 
|  73|0x00000000e4900000, 0x00000000e4900000, 0x00000000e4a00000|  0%| F|  |TAMS 0x00000000e4900000| PB 0x00000000e4900000| Untracked 
|  74|0x00000000e4a00000, 0x00000000e4a00000, 0x00000000e4b00000|  0%| F|  |TAMS 0x00000000e4a00000| PB 0x00000000e4a00000| Untracked 
|  75|0x00000000e4b00000, 0x00000000e4b00000, 0x00000000e4c00000|  0%| F|  |TAMS 0x00000000e4b00000| PB 0x00000000e4b00000| Untracked 
|  76|0x00000000e4c00000, 0x00000000e4c00000, 0x00000000e4d00000|  0%| F|  |TAMS 0x00000000e4c00000| PB 0x00000000e4c00000| Untracked 
|  77|0x00000000e4d00000, 0x00000000e4d00000, 0x00000000e4e00000|  0%| F|  |TAMS 0x00000000e4d00000| PB 0x00000000e4d00000| Untracked 
|  78|0x00000000e4e00000, 0x00000000e4e00000, 0x00000000e4f00000|  0%| F|  |TAMS 0x00000000e4e00000| PB 0x00000000e4e00000| Untracked 
|  79|0x00000000e4f00000, 0x00000000e4f00000, 0x00000000e5000000|  0%| F|  |TAMS 0x00000000e4f00000| PB 0x00000000e4f00000| Untracked 
|  80|0x00000000e5000000, 0x00000000e5000000, 0x00000000e5100000|  0%| F|  |TAMS 0x00000000e5000000| PB 0x00000000e5000000| Untracked 
|  81|0x00000000e5100000, 0x00000000e5100000, 0x00000000e5200000|  0%| F|  |TAMS 0x00000000e5100000| PB 0x00000000e5100000| Untracked 
|  82|0x00000000e5200000, 0x00000000e5200000, 0x00000000e5300000|  0%| F|  |TAMS 0x00000000e5200000| PB 0x00000000e5200000| Untracked 
|  83|0x00000000e5300000, 0x00000000e5300000, 0x00000000e5400000|  0%| F|  |TAMS 0x00000000e5300000| PB 0x00000000e5300000| Untracked 
|  84|0x00000000e5400000, 0x00000000e5400000, 0x00000000e5500000|  0%| F|  |TAMS 0x00000000e5400000| PB 0x00000000e5400000| Untracked 
|  85|0x00000000e5500000, 0x00000000e5500000, 0x00000000e5600000|  0%| F|  |TAMS 0x00000000e5500000| PB 0x00000000e5500000| Untracked 
|  86|0x00000000e5600000, 0x00000000e5600000, 0x00000000e5700000|  0%| F|  |TAMS 0x00000000e5600000| PB 0x00000000e5600000| Untracked 
|  87|0x00000000e5700000, 0x00000000e5700000, 0x00000000e5800000|  0%| F|  |TAMS 0x00000000e5700000| PB 0x00000000e5700000| Untracked 
|  88|0x00000000e5800000, 0x00000000e5800000, 0x00000000e5900000|  0%| F|  |TAMS 0x00000000e5800000| PB 0x00000000e5800000| Untracked 
|  89|0x00000000e5900000, 0x00000000e5900000, 0x00000000e5a00000|  0%| F|  |TAMS 0x00000000e5900000| PB 0x00000000e5900000| Untracked 
|  90|0x00000000e5a00000, 0x00000000e5a00000, 0x00000000e5b00000|  0%| F|  |TAMS 0x00000000e5a00000| PB 0x00000000e5a00000| Untracked 
|  91|0x00000000e5b00000, 0x00000000e5b00000, 0x00000000e5c00000|  0%| F|  |TAMS 0x00000000e5b00000| PB 0x00000000e5b00000| Untracked 
|  92|0x00000000e5c00000, 0x00000000e5c00000, 0x00000000e5d00000|  0%| F|  |TAMS 0x00000000e5c00000| PB 0x00000000e5c00000| Untracked 
|  93|0x00000000e5d00000, 0x00000000e5d00000, 0x00000000e5e00000|  0%| F|  |TAMS 0x00000000e5d00000| PB 0x00000000e5d00000| Untracked 
|  94|0x00000000e5e00000, 0x00000000e5e00000, 0x00000000e5f00000|  0%| F|  |TAMS 0x00000000e5e00000| PB 0x00000000e5e00000| Untracked 
|  95|0x00000000e5f00000, 0x00000000e5f00000, 0x00000000e6000000|  0%| F|  |TAMS 0x00000000e5f00000| PB 0x00000000e5f00000| Untracked 
|  96|0x00000000e6000000, 0x00000000e6000000, 0x00000000e6100000|  0%| F|  |TAMS 0x00000000e6000000| PB 0x00000000e6000000| Untracked 
|  97|0x00000000e6100000, 0x00000000e6100000, 0x00000000e6200000|  0%| F|  |TAMS 0x00000000e6100000| PB 0x00000000e6100000| Untracked 
|  98|0x00000000e6200000, 0x00000000e6200000, 0x00000000e6300000|  0%| F|  |TAMS 0x00000000e6200000| PB 0x00000000e6200000| Untracked 
|  99|0x00000000e6300000, 0x00000000e6300000, 0x00000000e6400000|  0%| F|  |TAMS 0x00000000e6300000| PB 0x00000000e6300000| Untracked 
| 100|0x00000000e6400000, 0x00000000e6400000, 0x00000000e6500000|  0%| F|  |TAMS 0x00000000e6400000| PB 0x00000000e6400000| Untracked 
| 101|0x00000000e6500000, 0x00000000e6500000, 0x00000000e6600000|  0%| F|  |TAMS 0x00000000e6500000| PB 0x00000000e6500000| Untracked 
| 102|0x00000000e6600000, 0x00000000e6600000, 0x00000000e6700000|  0%| F|  |TAMS 0x00000000e6600000| PB 0x00000000e6600000| Untracked 
| 103|0x00000000e6700000, 0x00000000e6700000, 0x00000000e6800000|  0%| F|  |TAMS 0x00000000e6700000| PB 0x00000000e6700000| Untracked 
| 104|0x00000000e6800000, 0x00000000e6800000, 0x00000000e6900000|  0%| F|  |TAMS 0x00000000e6800000| PB 0x00000000e6800000| Untracked 
| 105|0x00000000e6900000, 0x00000000e6900000, 0x00000000e6a00000|  0%| F|  |TAMS 0x00000000e6900000| PB 0x00000000e6900000| Untracked 
| 106|0x00000000e6a00000, 0x00000000e6a00000, 0x00000000e6b00000|  0%| F|  |TAMS 0x00000000e6a00000| PB 0x00000000e6a00000| Untracked 
| 107|0x00000000e6b00000, 0x00000000e6b00000, 0x00000000e6c00000|  0%| F|  |TAMS 0x00000000e6b00000| PB 0x00000000e6b00000| Untracked 
| 108|0x00000000e6c00000, 0x00000000e6c00000, 0x00000000e6d00000|  0%| F|  |TAMS 0x00000000e6c00000| PB 0x00000000e6c00000| Untracked 
| 109|0x00000000e6d00000, 0x00000000e6d00000, 0x00000000e6e00000|  0%| F|  |TAMS 0x00000000e6d00000| PB 0x00000000e6d00000| Untracked 
| 110|0x00000000e6e00000, 0x00000000e6e00000, 0x00000000e6f00000|  0%| F|  |TAMS 0x00000000e6e00000| PB 0x00000000e6e00000| Untracked 
| 111|0x00000000e6f00000, 0x00000000e6f00000, 0x00000000e7000000|  0%| F|  |TAMS 0x00000000e6f00000| PB 0x00000000e6f00000| Untracked 
| 112|0x00000000e7000000, 0x00000000e7000000, 0x00000000e7100000|  0%| F|  |TAMS 0x00000000e7000000| PB 0x00000000e7000000| Untracked 
| 113|0x00000000e7100000, 0x00000000e7100000, 0x00000000e7200000|  0%| F|  |TAMS 0x00000000e7100000| PB 0x00000000e7100000| Untracked 
| 114|0x00000000e7200000, 0x00000000e7200000, 0x00000000e7300000|  0%| F|  |TAMS 0x00000000e7200000| PB 0x00000000e7200000| Untracked 
| 115|0x00000000e7300000, 0x00000000e7300000, 0x00000000e7400000|  0%| F|  |TAMS 0x00000000e7300000| PB 0x00000000e7300000| Untracked 
| 116|0x00000000e7400000, 0x00000000e7400000, 0x00000000e7500000|  0%| F|  |TAMS 0x00000000e7400000| PB 0x00000000e7400000| Untracked 
| 117|0x00000000e7500000, 0x00000000e7500000, 0x00000000e7600000|  0%| F|  |TAMS 0x00000000e7500000| PB 0x00000000e7500000| Untracked 
| 118|0x00000000e7600000, 0x00000000e7600000, 0x00000000e7700000|  0%| F|  |TAMS 0x00000000e7600000| PB 0x00000000e7600000| Untracked 
| 119|0x00000000e7700000, 0x00000000e7700000, 0x00000000e7800000|  0%| F|  |TAMS 0x00000000e7700000| PB 0x00000000e7700000| Untracked 
| 120|0x00000000e7800000, 0x00000000e7800000, 0x00000000e7900000|  0%| F|  |TAMS 0x00000000e7800000| PB 0x00000000e7800000| Untracked 
| 121|0x00000000e7900000, 0x00000000e7900000, 0x00000000e7a00000|  0%| F|  |TAMS 0x00000000e7900000| PB 0x00000000e7900000| Untracked 
| 122|0x00000000e7a00000, 0x00000000e7a00000, 0x00000000e7b00000|  0%| F|  |TAMS 0x00000000e7a00000| PB 0x00000000e7a00000| Untracked 
| 123|0x00000000e7b00000, 0x00000000e7b00000, 0x00000000e7c00000|  0%| F|  |TAMS 0x00000000e7b00000| PB 0x00000000e7b00000| Untracked 
| 124|0x00000000e7c00000, 0x00000000e7c00000, 0x00000000e7d00000|  0%| F|  |TAMS 0x00000000e7c00000| PB 0x00000000e7c00000| Untracked 
| 125|0x00000000e7d00000, 0x00000000e7d00000, 0x00000000e7e00000|  0%| F|  |TAMS 0x00000000e7d00000| PB 0x00000000e7d00000| Untracked 
| 126|0x00000000e7e00000, 0x00000000e7e00000, 0x00000000e7f00000|  0%| F|  |TAMS 0x00000000e7e00000| PB 0x00000000e7e00000| Untracked 
| 127|0x00000000e7f00000, 0x00000000e7f00000, 0x00000000e8000000|  0%| F|  |TAMS 0x00000000e7f00000| PB 0x00000000e7f00000| Untracked 
| 128|0x00000000e8000000, 0x00000000e8000000, 0x00000000e8100000|  0%| F|  |TAMS 0x00000000e8000000| PB 0x00000000e8000000| Untracked 
| 129|0x00000000e8100000, 0x00000000e8100000, 0x00000000e8200000|  0%| F|  |TAMS 0x00000000e8100000| PB 0x00000000e8100000| Untracked 
| 130|0x00000000e8200000, 0x00000000e8200000, 0x00000000e8300000|  0%| F|  |TAMS 0x00000000e8200000| PB 0x00000000e8200000| Untracked 
| 131|0x00000000e8300000, 0x00000000e8300000, 0x00000000e8400000|  0%| F|  |TAMS 0x00000000e8300000| PB 0x00000000e8300000| Untracked 
| 132|0x00000000e8400000, 0x00000000e8400000, 0x00000000e8500000|  0%| F|  |TAMS 0x00000000e8400000| PB 0x00000000e8400000| Untracked 
| 133|0x00000000e8500000, 0x00000000e8500000, 0x00000000e8600000|  0%| F|  |TAMS 0x00000000e8500000| PB 0x00000000e8500000| Untracked 
| 134|0x00000000e8600000, 0x00000000e8600000, 0x00000000e8700000|  0%| F|  |TAMS 0x00000000e8600000| PB 0x00000000e8600000| Untracked 
| 135|0x00000000e8700000, 0x00000000e8700000, 0x00000000e8800000|  0%| F|  |TAMS 0x00000000e8700000| PB 0x00000000e8700000| Untracked 
| 136|0x00000000e8800000, 0x00000000e8800000, 0x00000000e8900000|  0%| F|  |TAMS 0x00000000e8800000| PB 0x00000000e8800000| Untracked 
| 137|0x00000000e8900000, 0x00000000e8900000, 0x00000000e8a00000|  0%| F|  |TAMS 0x00000000e8900000| PB 0x00000000e8900000| Untracked 
| 138|0x00000000e8a00000, 0x00000000e8a00000, 0x00000000e8b00000|  0%| F|  |TAMS 0x00000000e8a00000| PB 0x00000000e8a00000| Untracked 
| 139|0x00000000e8b00000, 0x00000000e8b00000, 0x00000000e8c00000|  0%| F|  |TAMS 0x00000000e8b00000| PB 0x00000000e8b00000| Untracked 
| 140|0x00000000e8c00000, 0x00000000e8c00000, 0x00000000e8d00000|  0%| F|  |TAMS 0x00000000e8c00000| PB 0x00000000e8c00000| Untracked 
| 141|0x00000000e8d00000, 0x00000000e8d00000, 0x00000000e8e00000|  0%| F|  |TAMS 0x00000000e8d00000| PB 0x00000000e8d00000| Untracked 
| 142|0x00000000e8e00000, 0x00000000e8e00000, 0x00000000e8f00000|  0%| F|  |TAMS 0x00000000e8e00000| PB 0x00000000e8e00000| Untracked 
| 143|0x00000000e8f00000, 0x00000000e8f00000, 0x00000000e9000000|  0%| F|  |TAMS 0x00000000e8f00000| PB 0x00000000e8f00000| Untracked 
| 144|0x00000000e9000000, 0x00000000e9000000, 0x00000000e9100000|  0%| F|  |TAMS 0x00000000e9000000| PB 0x00000000e9000000| Untracked 
| 145|0x00000000e9100000, 0x00000000e9100000, 0x00000000e9200000|  0%| F|  |TAMS 0x00000000e9100000| PB 0x00000000e9100000| Untracked 
| 146|0x00000000e9200000, 0x00000000e9200000, 0x00000000e9300000|  0%| F|  |TAMS 0x00000000e9200000| PB 0x00000000e9200000| Untracked 
| 147|0x00000000e9300000, 0x00000000e9300000, 0x00000000e9400000|  0%| F|  |TAMS 0x00000000e9300000| PB 0x00000000e9300000| Untracked 
| 148|0x00000000e9400000, 0x00000000e9400000, 0x00000000e9500000|  0%| F|  |TAMS 0x00000000e9400000| PB 0x00000000e9400000| Untracked 
| 149|0x00000000e9500000, 0x00000000e9500000, 0x00000000e9600000|  0%| F|  |TAMS 0x00000000e9500000| PB 0x00000000e9500000| Untracked 
| 150|0x00000000e9600000, 0x00000000e9600000, 0x00000000e9700000|  0%| F|  |TAMS 0x00000000e9600000| PB 0x00000000e9600000| Untracked 
| 151|0x00000000e9700000, 0x00000000e9700000, 0x00000000e9800000|  0%| F|  |TAMS 0x00000000e9700000| PB 0x00000000e9700000| Untracked 
| 152|0x00000000e9800000, 0x00000000e9800000, 0x00000000e9900000|  0%| F|  |TAMS 0x00000000e9800000| PB 0x00000000e9800000| Untracked 
| 153|0x00000000e9900000, 0x00000000e9900000, 0x00000000e9a00000|  0%| F|  |TAMS 0x00000000e9900000| PB 0x00000000e9900000| Untracked 
| 154|0x00000000e9a00000, 0x00000000e9a00000, 0x00000000e9b00000|  0%| F|  |TAMS 0x00000000e9a00000| PB 0x00000000e9a00000| Untracked 
| 155|0x00000000e9b00000, 0x00000000e9b00000, 0x00000000e9c00000|  0%| F|  |TAMS 0x00000000e9b00000| PB 0x00000000e9b00000| Untracked 
| 156|0x00000000e9c00000, 0x00000000e9c00000, 0x00000000e9d00000|  0%| F|  |TAMS 0x00000000e9c00000| PB 0x00000000e9c00000| Untracked 
| 157|0x00000000e9d00000, 0x00000000e9d00000, 0x00000000e9e00000|  0%| F|  |TAMS 0x00000000e9d00000| PB 0x00000000e9d00000| Untracked 
| 158|0x00000000e9e00000, 0x00000000e9e00000, 0x00000000e9f00000|  0%| F|  |TAMS 0x00000000e9e00000| PB 0x00000000e9e00000| Untracked 
| 159|0x00000000e9f00000, 0x00000000e9f00000, 0x00000000ea000000|  0%| F|  |TAMS 0x00000000e9f00000| PB 0x00000000e9f00000| Untracked 
| 160|0x00000000ea000000, 0x00000000ea000000, 0x00000000ea100000|  0%| F|  |TAMS 0x00000000ea000000| PB 0x00000000ea000000| Untracked 
| 161|0x00000000ea100000, 0x00000000ea100000, 0x00000000ea200000|  0%| F|  |TAMS 0x00000000ea100000| PB 0x00000000ea100000| Untracked 
| 162|0x00000000ea200000, 0x00000000ea200000, 0x00000000ea300000|  0%| F|  |TAMS 0x00000000ea200000| PB 0x00000000ea200000| Untracked 
| 163|0x00000000ea300000, 0x00000000ea300000, 0x00000000ea400000|  0%| F|  |TAMS 0x00000000ea300000| PB 0x00000000ea300000| Untracked 
| 164|0x00000000ea400000, 0x00000000ea400000, 0x00000000ea500000|  0%| F|  |TAMS 0x00000000ea400000| PB 0x00000000ea400000| Untracked 
| 165|0x00000000ea500000, 0x00000000ea500000, 0x00000000ea600000|  0%| F|  |TAMS 0x00000000ea500000| PB 0x00000000ea500000| Untracked 
| 166|0x00000000ea600000, 0x00000000ea600000, 0x00000000ea700000|  0%| F|  |TAMS 0x00000000ea600000| PB 0x00000000ea600000| Untracked 
| 167|0x00000000ea700000, 0x00000000ea700000, 0x00000000ea800000|  0%| F|  |TAMS 0x00000000ea700000| PB 0x00000000ea700000| Untracked 
| 168|0x00000000ea800000, 0x00000000ea800000, 0x00000000ea900000|  0%| F|  |TAMS 0x00000000ea800000| PB 0x00000000ea800000| Untracked 
| 169|0x00000000ea900000, 0x00000000ea900000, 0x00000000eaa00000|  0%| F|  |TAMS 0x00000000ea900000| PB 0x00000000ea900000| Untracked 
| 170|0x00000000eaa00000, 0x00000000eaa00000, 0x00000000eab00000|  0%| F|  |TAMS 0x00000000eaa00000| PB 0x00000000eaa00000| Untracked 
| 171|0x00000000eab00000, 0x00000000eab00000, 0x00000000eac00000|  0%| F|  |TAMS 0x00000000eab00000| PB 0x00000000eab00000| Untracked 
| 172|0x00000000eac00000, 0x00000000eac00000, 0x00000000ead00000|  0%| F|  |TAMS 0x00000000eac00000| PB 0x00000000eac00000| Untracked 
| 173|0x00000000ead00000, 0x00000000ead00000, 0x00000000eae00000|  0%| F|  |TAMS 0x00000000ead00000| PB 0x00000000ead00000| Untracked 
| 174|0x00000000eae00000, 0x00000000eae00000, 0x00000000eaf00000|  0%| F|  |TAMS 0x00000000eae00000| PB 0x00000000eae00000| Untracked 
| 175|0x00000000eaf00000, 0x00000000eaf00000, 0x00000000eb000000|  0%| F|  |TAMS 0x00000000eaf00000| PB 0x00000000eaf00000| Untracked 
| 176|0x00000000eb000000, 0x00000000eb000000, 0x00000000eb100000|  0%| F|  |TAMS 0x00000000eb000000| PB 0x00000000eb000000| Untracked 
| 177|0x00000000eb100000, 0x00000000eb100000, 0x00000000eb200000|  0%| F|  |TAMS 0x00000000eb100000| PB 0x00000000eb100000| Untracked 
| 178|0x00000000eb200000, 0x00000000eb200000, 0x00000000eb300000|  0%| F|  |TAMS 0x00000000eb200000| PB 0x00000000eb200000| Untracked 
| 179|0x00000000eb300000, 0x00000000eb300000, 0x00000000eb400000|  0%| F|  |TAMS 0x00000000eb300000| PB 0x00000000eb300000| Untracked 
| 180|0x00000000eb400000, 0x00000000eb400000, 0x00000000eb500000|  0%| F|  |TAMS 0x00000000eb400000| PB 0x00000000eb400000| Untracked 
| 181|0x00000000eb500000, 0x00000000eb500000, 0x00000000eb600000|  0%| F|  |TAMS 0x00000000eb500000| PB 0x00000000eb500000| Untracked 
| 182|0x00000000eb600000, 0x00000000eb600000, 0x00000000eb700000|  0%| F|  |TAMS 0x00000000eb600000| PB 0x00000000eb600000| Untracked 
| 183|0x00000000eb700000, 0x00000000eb700000, 0x00000000eb800000|  0%| F|  |TAMS 0x00000000eb700000| PB 0x00000000eb700000| Untracked 
| 184|0x00000000eb800000, 0x00000000eb800000, 0x00000000eb900000|  0%| F|  |TAMS 0x00000000eb800000| PB 0x00000000eb800000| Untracked 
| 185|0x00000000eb900000, 0x00000000eb900000, 0x00000000eba00000|  0%| F|  |TAMS 0x00000000eb900000| PB 0x00000000eb900000| Untracked 
| 186|0x00000000eba00000, 0x00000000eba00000, 0x00000000ebb00000|  0%| F|  |TAMS 0x00000000eba00000| PB 0x00000000eba00000| Untracked 
| 187|0x00000000ebb00000, 0x00000000ebb00000, 0x00000000ebc00000|  0%| F|  |TAMS 0x00000000ebb00000| PB 0x00000000ebb00000| Untracked 
| 188|0x00000000ebc00000, 0x00000000ebc00000, 0x00000000ebd00000|  0%| F|  |TAMS 0x00000000ebc00000| PB 0x00000000ebc00000| Untracked 
| 189|0x00000000ebd00000, 0x00000000ebd00000, 0x00000000ebe00000|  0%| F|  |TAMS 0x00000000ebd00000| PB 0x00000000ebd00000| Untracked 
| 190|0x00000000ebe00000, 0x00000000ebe00000, 0x00000000ebf00000|  0%| F|  |TAMS 0x00000000ebe00000| PB 0x00000000ebe00000| Untracked 
| 191|0x00000000ebf00000, 0x00000000ebf00000, 0x00000000ec000000|  0%| F|  |TAMS 0x00000000ebf00000| PB 0x00000000ebf00000| Untracked 
| 192|0x00000000ec000000, 0x00000000ec000000, 0x00000000ec100000|  0%| F|  |TAMS 0x00000000ec000000| PB 0x00000000ec000000| Untracked 
| 193|0x00000000ec100000, 0x00000000ec100000, 0x00000000ec200000|  0%| F|  |TAMS 0x00000000ec100000| PB 0x00000000ec100000| Untracked 
| 194|0x00000000ec200000, 0x00000000ec200000, 0x00000000ec300000|  0%| F|  |TAMS 0x00000000ec200000| PB 0x00000000ec200000| Untracked 
| 195|0x00000000ec300000, 0x00000000ec300000, 0x00000000ec400000|  0%| F|  |TAMS 0x00000000ec300000| PB 0x00000000ec300000| Untracked 
| 196|0x00000000ec400000, 0x00000000ec400000, 0x00000000ec500000|  0%| F|  |TAMS 0x00000000ec400000| PB 0x00000000ec400000| Untracked 
| 197|0x00000000ec500000, 0x00000000ec500000, 0x00000000ec600000|  0%| F|  |TAMS 0x00000000ec500000| PB 0x00000000ec500000| Untracked 
| 198|0x00000000ec600000, 0x00000000ec600000, 0x00000000ec700000|  0%| F|  |TAMS 0x00000000ec600000| PB 0x00000000ec600000| Untracked 
| 199|0x00000000ec700000, 0x00000000ec700000, 0x00000000ec800000|  0%| F|  |TAMS 0x00000000ec700000| PB 0x00000000ec700000| Untracked 
| 200|0x00000000ec800000, 0x00000000ec800000, 0x00000000ec900000|  0%| F|  |TAMS 0x00000000ec800000| PB 0x00000000ec800000| Untracked 
| 201|0x00000000ec900000, 0x00000000ec900000, 0x00000000eca00000|  0%| F|  |TAMS 0x00000000ec900000| PB 0x00000000ec900000| Untracked 
| 202|0x00000000eca00000, 0x00000000eca00000, 0x00000000ecb00000|  0%| F|  |TAMS 0x00000000eca00000| PB 0x00000000eca00000| Untracked 
| 203|0x00000000ecb00000, 0x00000000ecb00000, 0x00000000ecc00000|  0%| F|  |TAMS 0x00000000ecb00000| PB 0x00000000ecb00000| Untracked 
| 204|0x00000000ecc00000, 0x00000000ecc00000, 0x00000000ecd00000|  0%| F|  |TAMS 0x00000000ecc00000| PB 0x00000000ecc00000| Untracked 
| 205|0x00000000ecd00000, 0x00000000ecd00000, 0x00000000ece00000|  0%| F|  |TAMS 0x00000000ecd00000| PB 0x00000000ecd00000| Untracked 
| 206|0x00000000ece00000, 0x00000000ece00000, 0x00000000ecf00000|  0%| F|  |TAMS 0x00000000ece00000| PB 0x00000000ece00000| Untracked 
| 207|0x00000000ecf00000, 0x00000000ed000000, 0x00000000ed000000|100%| E|  |TAMS 0x00000000ecf00000| PB 0x00000000ecf00000| Complete 
| 208|0x00000000ed000000, 0x00000000ed100000, 0x00000000ed100000|100%| E|CS|TAMS 0x00000000ed000000| PB 0x00000000ed000000| Complete 
| 209|0x00000000ed100000, 0x00000000ed200000, 0x00000000ed200000|100%| E|CS|TAMS 0x00000000ed100000| PB 0x00000000ed100000| Complete 
| 210|0x00000000ed200000, 0x00000000ed300000, 0x00000000ed300000|100%| E|CS|TAMS 0x00000000ed200000| PB 0x00000000ed200000| Complete 
| 211|0x00000000ed300000, 0x00000000ed400000, 0x00000000ed400000|100%| E|CS|TAMS 0x00000000ed300000| PB 0x00000000ed300000| Complete 
| 212|0x00000000ed400000, 0x00000000ed500000, 0x00000000ed500000|100%| E|CS|TAMS 0x00000000ed400000| PB 0x00000000ed400000| Complete 
| 213|0x00000000ed500000, 0x00000000ed600000, 0x00000000ed600000|100%| E|CS|TAMS 0x00000000ed500000| PB 0x00000000ed500000| Complete 
| 214|0x00000000ed600000, 0x00000000ed700000, 0x00000000ed700000|100%| E|CS|TAMS 0x00000000ed600000| PB 0x00000000ed600000| Complete 
| 215|0x00000000ed700000, 0x00000000ed800000, 0x00000000ed800000|100%| E|CS|TAMS 0x00000000ed700000| PB 0x00000000ed700000| Complete 
| 216|0x00000000ed800000, 0x00000000ed900000, 0x00000000ed900000|100%| E|CS|TAMS 0x00000000ed800000| PB 0x00000000ed800000| Complete 
| 217|0x00000000ed900000, 0x00000000eda00000, 0x00000000eda00000|100%| E|CS|TAMS 0x00000000ed900000| PB 0x00000000ed900000| Complete 
| 218|0x00000000eda00000, 0x00000000edb00000, 0x00000000edb00000|100%| E|CS|TAMS 0x00000000eda00000| PB 0x00000000eda00000| Complete 
| 219|0x00000000edb00000, 0x00000000edc00000, 0x00000000edc00000|100%| E|CS|TAMS 0x00000000edb00000| PB 0x00000000edb00000| Complete 
| 220|0x00000000edc00000, 0x00000000edd00000, 0x00000000edd00000|100%| E|CS|TAMS 0x00000000edc00000| PB 0x00000000edc00000| Complete 
| 221|0x00000000edd00000, 0x00000000ede00000, 0x00000000ede00000|100%| E|CS|TAMS 0x00000000edd00000| PB 0x00000000edd00000| Complete 
| 222|0x00000000ede00000, 0x00000000edf00000, 0x00000000edf00000|100%| E|CS|TAMS 0x00000000ede00000| PB 0x00000000ede00000| Complete 
| 223|0x00000000edf00000, 0x00000000ee000000, 0x00000000ee000000|100%| E|CS|TAMS 0x00000000edf00000| PB 0x00000000edf00000| Complete 
| 224|0x00000000ee000000, 0x00000000ee100000, 0x00000000ee100000|100%| E|CS|TAMS 0x00000000ee000000| PB 0x00000000ee000000| Complete 
| 225|0x00000000ee100000, 0x00000000ee200000, 0x00000000ee200000|100%| E|CS|TAMS 0x00000000ee100000| PB 0x00000000ee100000| Complete 
| 226|0x00000000ee200000, 0x00000000ee300000, 0x00000000ee300000|100%| E|CS|TAMS 0x00000000ee200000| PB 0x00000000ee200000| Complete 
| 227|0x00000000ee300000, 0x00000000ee400000, 0x00000000ee400000|100%| E|CS|TAMS 0x00000000ee300000| PB 0x00000000ee300000| Complete 
| 228|0x00000000ee400000, 0x00000000ee500000, 0x00000000ee500000|100%| E|CS|TAMS 0x00000000ee400000| PB 0x00000000ee400000| Complete 
| 229|0x00000000ee500000, 0x00000000ee600000, 0x00000000ee600000|100%| E|CS|TAMS 0x00000000ee500000| PB 0x00000000ee500000| Complete 
| 230|0x00000000ee600000, 0x00000000ee700000, 0x00000000ee700000|100%| E|CS|TAMS 0x00000000ee600000| PB 0x00000000ee600000| Complete 
| 231|0x00000000ee700000, 0x00000000ee800000, 0x00000000ee800000|100%| E|CS|TAMS 0x00000000ee700000| PB 0x00000000ee700000| Complete 
| 232|0x00000000ee800000, 0x00000000ee900000, 0x00000000ee900000|100%| E|CS|TAMS 0x00000000ee800000| PB 0x00000000ee800000| Complete 
| 233|0x00000000ee900000, 0x00000000eea00000, 0x00000000eea00000|100%| E|CS|TAMS 0x00000000ee900000| PB 0x00000000ee900000| Complete 
| 234|0x00000000eea00000, 0x00000000eeb00000, 0x00000000eeb00000|100%| E|CS|TAMS 0x00000000eea00000| PB 0x00000000eea00000| Complete 
| 235|0x00000000eeb00000, 0x00000000eec00000, 0x00000000eec00000|100%| E|CS|TAMS 0x00000000eeb00000| PB 0x00000000eeb00000| Complete 
| 236|0x00000000eec00000, 0x00000000eecfa890, 0x00000000eed00000| 97%| S|CS|TAMS 0x00000000eec00000| PB 0x00000000eec00000| Complete 
| 237|0x00000000eed00000, 0x00000000eee00000, 0x00000000eee00000|100%| S|CS|TAMS 0x00000000eed00000| PB 0x00000000eed00000| Complete 
| 238|0x00000000eee00000, 0x00000000eef00000, 0x00000000eef00000|100%| S|CS|TAMS 0x00000000eee00000| PB 0x00000000eee00000| Complete 
| 239|0x00000000eef00000, 0x00000000ef000000, 0x00000000ef000000|100%| S|CS|TAMS 0x00000000eef00000| PB 0x00000000eef00000| Complete 
| 240|0x00000000ef000000, 0x00000000ef100000, 0x00000000ef100000|100%| S|CS|TAMS 0x00000000ef000000| PB 0x00000000ef000000| Complete 
| 241|0x00000000ef100000, 0x00000000ef200000, 0x00000000ef200000|100%| S|CS|TAMS 0x00000000ef100000| PB 0x00000000ef100000| Complete 
| 242|0x00000000ef200000, 0x00000000ef300000, 0x00000000ef300000|100%| S|CS|TAMS 0x00000000ef200000| PB 0x00000000ef200000| Complete 
| 243|0x00000000ef300000, 0x00000000ef400000, 0x00000000ef400000|100%| S|CS|TAMS 0x00000000ef300000| PB 0x00000000ef300000| Complete 
| 244|0x00000000ef400000, 0x00000000ef500000, 0x00000000ef500000|100%| E|CS|TAMS 0x00000000ef400000| PB 0x00000000ef400000| Complete 
| 245|0x00000000ef500000, 0x00000000ef600000, 0x00000000ef600000|100%| E|CS|TAMS 0x00000000ef500000| PB 0x00000000ef500000| Complete 
| 246|0x00000000ef600000, 0x00000000ef700000, 0x00000000ef700000|100%| E|CS|TAMS 0x00000000ef600000| PB 0x00000000ef600000| Complete 
| 247|0x00000000ef700000, 0x00000000ef800000, 0x00000000ef800000|100%| E|CS|TAMS 0x00000000ef700000| PB 0x00000000ef700000| Complete 
| 248|0x00000000ef800000, 0x00000000ef900000, 0x00000000ef900000|100%| E|CS|TAMS 0x00000000ef800000| PB 0x00000000ef800000| Complete 
| 249|0x00000000ef900000, 0x00000000efa00000, 0x00000000efa00000|100%| E|CS|TAMS 0x00000000ef900000| PB 0x00000000ef900000| Complete 
| 250|0x00000000efa00000, 0x00000000efb00000, 0x00000000efb00000|100%| E|CS|TAMS 0x00000000efa00000| PB 0x00000000efa00000| Complete 
| 251|0x00000000efb00000, 0x00000000efc00000, 0x00000000efc00000|100%| E|CS|TAMS 0x00000000efb00000| PB 0x00000000efb00000| Complete 
| 252|0x00000000efc00000, 0x00000000efd00000, 0x00000000efd00000|100%| E|CS|TAMS 0x00000000efc00000| PB 0x00000000efc00000| Complete 
| 253|0x00000000efd00000, 0x00000000efe00000, 0x00000000efe00000|100%| E|CS|TAMS 0x00000000efd00000| PB 0x00000000efd00000| Complete 
| 254|0x00000000efe00000, 0x00000000eff00000, 0x00000000eff00000|100%| E|CS|TAMS 0x00000000efe00000| PB 0x00000000efe00000| Complete 
| 255|0x00000000eff00000, 0x00000000f0000000, 0x00000000f0000000|100%| E|CS|TAMS 0x00000000eff00000| PB 0x00000000eff00000| Complete 

Card table byte_map: [0x0000013250b80000,0x0000013250c80000] _byte_map_base: 0x0000013250480000

Marking Bits: (CMBitMap*) 0x000001323e35bf80
 Bits: [0x0000013250c80000, 0x0000013251480000)

Polling page: 0x000001323c180000

Metaspace:

Usage:
  Non-class:     32.06 MB used.
      Class:      5.46 MB used.
       Both:     37.52 MB used.

Virtual space:
  Non-class space:       64.00 MB reserved,      32.69 MB ( 51%) committed,  1 nodes.
      Class space:      320.00 MB reserved,       6.06 MB (  2%) committed,  1 nodes.
             Both:      384.00 MB reserved,      38.75 MB ( 10%) committed. 

Chunk freelists:
   Non-Class:  15.17 MB
       Class:  9.76 MB
        Both:  24.93 MB

MaxMetaspaceSize: 384.00 MB
CompressedClassSpaceSize: 320.00 MB
Initial GC threshold: 21.00 MB
Current GC threshold: 59.81 MB
CDS: on
 - commit_granule_bytes: 65536.
 - commit_granule_words: 8192.
 - virtual_space_node_default_size: 8388608.
 - enlarge_chunks_in_place: 1.
 - use_allocation_guard: 0.


Internal statistics:

num_allocs_failed_limit: 12.
num_arena_births: 2314.
num_arena_deaths: 0.
num_vsnodes_births: 2.
num_vsnodes_deaths: 0.
num_space_committed: 620.
num_space_uncommitted: 0.
num_chunks_returned_to_freelist: 12.
num_chunks_taken_from_freelist: 4010.
num_chunk_merges: 12.
num_chunk_splits: 2629.
num_chunks_enlarged: 1641.
num_inconsistent_stats: 0.

CodeHeap 'non-profiled nmethods': size=120000Kb used=2256Kb max_used=2379Kb free=117743Kb
 bounds [0x0000013249000000, 0x0000013249270000, 0x0000013250530000]
CodeHeap 'profiled nmethods': size=120000Kb used=7842Kb max_used=8382Kb free=112157Kb
 bounds [0x0000013241530000, 0x0000013241d60000, 0x0000013248a60000]
CodeHeap 'non-nmethods': size=5760Kb used=2551Kb max_used=2578Kb free=3208Kb
 bounds [0x0000013248a60000, 0x0000013248cf0000, 0x0000013249000000]
CodeCache: size=245760Kb, used=12649Kb, max_used=13339Kb, free=233108Kb
 total_blobs=4844, nmethods=4022, adapters=726, full_count=0
Compilation: enabled, stopped_count=0, restarted_count=0

Compilation events (20 events):
Event: 58.439 Thread 0x0000013254170260 4539       3       java.util.HashMap::resize (356 bytes)
Event: 58.440 Thread 0x0000013254170260 nmethod 4539 0x00000132416a5b10 code [0x00000132416a5dc0, 0x00000132416a70f8]
Event: 58.440 Thread 0x0000013254170260 4538       3       sun.reflect.generics.reflectiveObjects.TypeVariableImpl::hashCode (18 bytes)
Event: 58.441 Thread 0x0000013254170260 nmethod 4538 0x00000132416a5390 code [0x00000132416a5560, 0x00000132416a5798]
Event: 58.441 Thread 0x0000013254170260 4542       3       org.objectweb.asm.Frame::execute (2303 bytes)
Event: 58.446 Thread 0x0000013254170260 nmethod 4542 0x0000013241677590 code [0x00000132416783e0, 0x000001324167e8c0]
Event: 58.448 Thread 0x0000013254170260 4540       1       com.google.common.collect.LinkedHashMultimap$ValueEntry::setSuccessorInValueSet (6 bytes)
Event: 58.448 Thread 0x0000013254170260 nmethod 4540 0x00000132490f5c10 code [0x00000132490f5da0, 0x00000132490f5eb0]
Event: 58.448 Thread 0x0000013254170260 4543       3       com.google.common.collect.AbstractMapBasedMultimap$WrappedCollection::refreshIfEmpty (78 bytes)
Event: 58.449 Thread 0x0000013254170260 nmethod 4543 0x0000013241940610 code [0x0000013241940820, 0x0000013241940f68]
Event: 58.449 Thread 0x0000013254170260 4541       3       java.lang.Integer::highestOneBit (10 bytes)
Event: 58.449 Thread 0x0000013254170260 nmethod 4541 0x0000013241927290 code [0x0000013241927440, 0x0000013241927568]
Event: 58.449 Thread 0x0000013254170260 4536       3       com.google.common.collect.ImmutableList::asImmutableList (69 bytes)
Event: 58.450 Thread 0x0000013254170260 nmethod 4536 0x000001324193f410 code [0x000001324193f6a0, 0x0000013241940218]
Event: 58.453 Thread 0x0000013254170260 4544       3       jdk.internal.org.objectweb.asm.SymbolTable::addMergedType (164 bytes)
Event: 58.453 Thread 0x0000013254170260 nmethod 4544 0x000001324193e790 code [0x000001324193e9c0, 0x000001324193f030]
Event: 58.454 Thread 0x0000013254170260 4545       3       java.util.concurrent.ThreadPoolExecutor::runStateAtLeast (11 bytes)
Event: 58.454 Thread 0x0000013254170260 nmethod 4545 0x000001324193e410 code [0x000001324193e5a0, 0x000001324193e6e0]
Event: 58.455 Thread 0x0000013254170260 4546       3       java.util.HashMap$ValueSpliterator::characteristics (28 bytes)
Event: 58.455 Thread 0x0000013254170260 nmethod 4546 0x000001324193e010 code [0x000001324193e1c0, 0x000001324193e380]

GC Heap History (12 events):
Event: 2.122 GC heap before
{Heap before GC invocations=0 (full 0):
 garbage-first heap   total 262144K, used 26624K [0x00000000e0000000, 0x0000000100000000)
  region size 1024K, 23 young (23552K), 0 survivors (0K)
 Metaspace       used 1112K, committed 1216K, reserved 393216K
  class space    used 81K, committed 128K, reserved 327680K
}
Event: 2.126 GC heap after
{Heap after GC invocations=1 (full 0):
 garbage-first heap   total 262144K, used 10575K [0x00000000e0000000, 0x0000000100000000)
  region size 1024K, 3 young (3072K), 3 survivors (3072K)
 Metaspace       used 1112K, committed 1216K, reserved 393216K
  class space    used 81K, committed 128K, reserved 327680K
}
Event: 8.375 GC heap before
{Heap before GC invocations=1 (full 0):
 garbage-first heap   total 262144K, used 41295K [0x00000000e0000000, 0x0000000100000000)
  region size 1024K, 33 young (33792K), 3 survivors (3072K)
 Metaspace       used 4263K, committed 4416K, reserved 393216K
  class space    used 545K, committed 640K, reserved 327680K
}
Event: 8.378 GC heap after
{Heap after GC invocations=2 (full 0):
 garbage-first heap   total 262144K, used 12197K [0x00000000e0000000, 0x0000000100000000)
  region size 1024K, 2 young (2048K), 2 survivors (2048K)
 Metaspace       used 4263K, committed 4416K, reserved 393216K
  class space    used 545K, committed 640K, reserved 327680K
}
Event: 47.922 GC heap before
{Heap before GC invocations=2 (full 0):
 garbage-first heap   total 262144K, used 143269K [0x00000000e0000000, 0x0000000100000000)
  region size 1024K, 129 young (132096K), 2 survivors (2048K)
 Metaspace       used 20816K, committed 21504K, reserved 393216K
  class space    used 3061K, committed 3392K, reserved 327680K
}
Event: 47.991 GC heap after
{Heap after GC invocations=3 (full 0):
 garbage-first heap   total 262144K, used 25273K [0x00000000e0000000, 0x0000000100000000)
  region size 1024K, 14 young (14336K), 14 survivors (14336K)
 Metaspace       used 20816K, committed 21504K, reserved 393216K
  class space    used 3061K, committed 3392K, reserved 327680K
}
Event: 57.791 GC heap before
{Heap before GC invocations=4 (full 0):
 garbage-first heap   total 262144K, used 117433K [0x00000000e0000000, 0x0000000100000000)
  region size 1024K, 106 young (108544K), 14 survivors (14336K)
 Metaspace       used 34773K, committed 35968K, reserved 393216K
  class space    used 5158K, committed 5760K, reserved 327680K
}
Event: 57.801 GC heap after
{Heap after GC invocations=5 (full 0):
 garbage-first heap   total 262144K, used 32903K [0x00000000e0000000, 0x0000000100000000)
  region size 1024K, 8 young (8192K), 8 survivors (8192K)
 Metaspace       used 34773K, committed 35968K, reserved 393216K
  class space    used 5158K, committed 5760K, reserved 327680K
}
Event: 57.825 GC heap before
{Heap before GC invocations=5 (full 0):
 garbage-first heap   total 262144K, used 32903K [0x00000000e0000000, 0x0000000100000000)
  region size 1024K, 9 young (9216K), 8 survivors (8192K)
 Metaspace       used 35050K, committed 36288K, reserved 393216K
  class space    used 5173K, committed 5824K, reserved 327680K
}
Event: 57.828 GC heap after
{Heap after GC invocations=6 (full 0):
 garbage-first heap   total 262144K, used 32379K [0x00000000e0000000, 0x0000000100000000)
  region size 1024K, 8 young (8192K), 8 survivors (8192K)
 Metaspace       used 35050K, committed 36288K, reserved 393216K
  class space    used 5173K, committed 5824K, reserved 327680K
}
Event: 57.891 GC heap before
{Heap before GC invocations=6 (full 0):
 garbage-first heap   total 262144K, used 34427K [0x00000000e0000000, 0x0000000100000000)
  region size 1024K, 12 young (12288K), 8 survivors (8192K)
 Metaspace       used 35370K, committed 36608K, reserved 393216K
  class space    used 5210K, committed 5824K, reserved 327680K
}
Event: 57.895 GC heap after
{Heap after GC invocations=7 (full 0):
 garbage-first heap   total 262144K, used 33242K [0x00000000e0000000, 0x0000000100000000)
  region size 1024K, 8 young (8192K), 8 survivors (8192K)
 Metaspace       used 35370K, committed 36608K, reserved 393216K
  class space    used 5210K, committed 5824K, reserved 327680K
}

Dll operation events (14 events):
Event: 0.014 Loaded shared library C:\Users\fuadh\.vscode\extensions\redhat.java-1.54.0-win32-x64\jre\21.0.10-win32-x86_64\bin\java.dll
Event: 0.072 Loaded shared library C:\Users\fuadh\.vscode\extensions\redhat.java-1.54.0-win32-x64\jre\21.0.10-win32-x86_64\bin\zip.dll
Event: 0.090 Loaded shared library C:\Users\fuadh\.vscode\extensions\redhat.java-1.54.0-win32-x64\jre\21.0.10-win32-x86_64\bin\instrument.dll
Event: 0.096 Loaded shared library C:\Users\fuadh\.vscode\extensions\redhat.java-1.54.0-win32-x64\jre\21.0.10-win32-x86_64\bin\net.dll
Event: 0.098 Loaded shared library C:\Users\fuadh\.vscode\extensions\redhat.java-1.54.0-win32-x64\jre\21.0.10-win32-x86_64\bin\nio.dll
Event: 0.101 Loaded shared library C:\Users\fuadh\.vscode\extensions\redhat.java-1.54.0-win32-x64\jre\21.0.10-win32-x86_64\bin\zip.dll
Event: 1.365 Loaded shared library C:\Users\fuadh\.vscode\extensions\redhat.java-1.54.0-win32-x64\jre\21.0.10-win32-x86_64\bin\jimage.dll
Event: 2.136 Loaded shared library C:\Users\fuadh\.vscode\extensions\redhat.java-1.54.0-win32-x64\jre\21.0.10-win32-x86_64\bin\verify.dll
Event: 2.781 Loaded shared library C:\Users\fuadh\.gradle\native\c067742578af261105cb4f569cf0c3c89f3d7b1fecec35dd04571415982c5e48\windows-amd64\native-platform.dll
Event: 2.799 Loaded shared library C:\Users\fuadh\.gradle\native\100fb08df4bc3b14c8652ba06237920a3bd2aa13389f12d3474272988ae205f9\windows-amd64\native-platform-file-events.dll
Event: 16.736 Loaded shared library C:\Users\fuadh\.vscode\extensions\redhat.java-1.54.0-win32-x64\jre\21.0.10-win32-x86_64\bin\management.dll
Event: 17.326 Loaded shared library C:\Users\fuadh\.vscode\extensions\redhat.java-1.54.0-win32-x64\jre\21.0.10-win32-x86_64\bin\management_ext.dll
Event: 21.760 Loaded shared library C:\Users\fuadh\.vscode\extensions\redhat.java-1.54.0-win32-x64\jre\21.0.10-win32-x86_64\bin\extnet.dll
Event: 23.590 Loaded shared library C:\Users\fuadh\.vscode\extensions\redhat.java-1.54.0-win32-x64\jre\21.0.10-win32-x86_64\bin\sunmscapi.dll

Deoptimization events (20 events):
Event: 58.366 Thread 0x000001326ed53430 Uncommon trap: trap_request=0xffffff45 fr.pc=0x00000132491e4d40 relative=0x0000000000000a00
Event: 58.366 Thread 0x000001326ed53430 Uncommon trap: reason=unstable_if action=reinterpret pc=0x00000132491e4d40 method=org.objectweb.asm.Frame.push(I)V @ 26 c2
Event: 58.366 Thread 0x000001326ed53430 DEOPT PACKING pc=0x00000132491e4d40 sp=0x00000015222f9f20
Event: 58.366 Thread 0x000001326ed53430 DEOPT UNPACKING pc=0x0000013248ab4422 sp=0x00000015222f9e28 mode 2
Event: 58.436 Thread 0x000001326ed53430 Uncommon trap: trap_request=0xffffff45 fr.pc=0x00000132491cb350 relative=0x00000000000002b0
Event: 58.436 Thread 0x000001326ed53430 Uncommon trap: reason=unstable_if action=reinterpret pc=0x00000132491cb350 method=java.util.HashMap.putVal(ILjava/lang/Object;Ljava/lang/Object;ZZ)Ljava/lang/Object; @ 162 c2
Event: 58.436 Thread 0x000001326ed53430 DEOPT PACKING pc=0x00000132491cb350 sp=0x00000015222f8e60
Event: 58.436 Thread 0x000001326ed53430 DEOPT UNPACKING pc=0x0000013248ab4422 sp=0x00000015222f8de0 mode 2
Event: 58.436 Thread 0x000001326ed53430 Uncommon trap: trap_request=0xffffff45 fr.pc=0x0000013249199ea4 relative=0x00000000000002c4
Event: 58.436 Thread 0x000001326ed53430 Uncommon trap: reason=unstable_if action=reinterpret pc=0x0000013249199ea4 method=java.util.HashMap.getNode(Ljava/lang/Object;)Ljava/util/HashMap$Node; @ 85 c2
Event: 58.436 Thread 0x000001326ed53430 DEOPT PACKING pc=0x0000013249199ea4 sp=0x00000015222f8f30
Event: 58.436 Thread 0x000001326ed53430 DEOPT UNPACKING pc=0x0000013248ab4422 sp=0x00000015222f8e30 mode 2
Event: 58.436 Thread 0x000001326ed53430 Uncommon trap: trap_request=0xffffff45 fr.pc=0x0000013249034920 relative=0x0000000000000980
Event: 58.436 Thread 0x000001326ed53430 Uncommon trap: reason=unstable_if action=reinterpret pc=0x0000013249034920 method=java.util.HashMap.resize()[Ljava/util/HashMap$Node; @ 203 c2
Event: 58.436 Thread 0x000001326ed53430 DEOPT PACKING pc=0x0000013249034920 sp=0x00000015222f8d70
Event: 58.436 Thread 0x000001326ed53430 DEOPT UNPACKING pc=0x0000013248ab4422 sp=0x00000015222f8d18 mode 2
Event: 58.436 Thread 0x000001326ed53430 Uncommon trap: trap_request=0xffffff45 fr.pc=0x000001324921cb00 relative=0x0000000000000240
Event: 58.437 Thread 0x000001326ed53430 Uncommon trap: reason=unstable_if action=reinterpret pc=0x000001324921cb00 method=java.util.HashMap.getNode(Ljava/lang/Object;)Ljava/util/HashMap$Node; @ 85 c2
Event: 58.437 Thread 0x000001326ed53430 DEOPT PACKING pc=0x000001324921cb00 sp=0x00000015222f8eb0
Event: 58.437 Thread 0x000001326ed53430 DEOPT UNPACKING pc=0x0000013248ab4422 sp=0x00000015222f8e30 mode 2

Classes loaded (20 events):
Event: 58.026 Loading class java/util/WeakHashMap$HashIterator done
Event: 58.026 Loading class java/util/WeakHashMap$KeyIterator done
Event: 58.100 Loading class com/sun/beans/finder/MethodFinder
Event: 58.100 Loading class com/sun/beans/finder/AbstractFinder
Event: 58.100 Loading class com/sun/beans/finder/AbstractFinder done
Event: 58.100 Loading class com/sun/beans/finder/MethodFinder done
Event: 58.100 Loading class com/sun/beans/finder/MethodFinder$1
Event: 58.100 Loading class com/sun/beans/finder/MethodFinder$1 done
Event: 58.101 Loading class com/sun/beans/finder/FinderUtils
Event: 58.101 Loading class com/sun/beans/finder/FinderUtils done
Event: 58.240 Loading class java/util/BitSet$1BitSetSpliterator
Event: 58.240 Loading class java/util/BitSet$1BitSetSpliterator done
Event: 58.252 Loading class java/lang/ThreadLocal$SuppliedThreadLocal
Event: 58.252 Loading class java/lang/ThreadLocal$SuppliedThreadLocal done
Event: 58.269 Loading class sun/nio/fs/WindowsException
Event: 58.270 Loading class sun/nio/fs/WindowsException done
Event: 58.399 Loading class java/nio/file/AtomicMoveNotSupportedException
Event: 58.399 Loading class java/nio/file/AtomicMoveNotSupportedException done
Event: 58.416 Loading class java/io/FileWriter
Event: 58.417 Loading class java/io/FileWriter done

Classes unloaded (0 events):
No events

Classes redefined (0 events):
No events

Internal exceptions (20 events):
Event: 58.070 Thread 0x000001326ed53430 Exception <a 'java/lang/ClassNotFoundException'{0x00000000ee269ff0}: org/gradle/internal/extensibility/DefaultExtraPropertiesExtensionCustomizer> (0x00000000ee269ff0) 
thrown [s\src\hotspot\share\classfile\systemDictionary.cpp, line 312]
Event: 58.095 Thread 0x000001326ed53430 Exception <a 'java/lang/ClassNotFoundException'{0x00000000ee2f9cf0}: groovy/lang/Closure$1BeanInfo> (0x00000000ee2f9cf0) 
thrown [s\src\hotspot\share\classfile\systemDictionary.cpp, line 312]
Event: 58.096 Thread 0x000001326ed53430 Exception <a 'java/lang/ClassNotFoundException'{0x00000000ee106ca8}: groovy/lang/ClosureBeanInfo> (0x00000000ee106ca8) 
thrown [s\src\hotspot\share\classfile\systemDictionary.cpp, line 312]
Event: 58.096 Thread 0x000001326ed53430 Exception <a 'java/lang/ClassNotFoundException'{0x00000000ee113968}: groovy/lang/ClosureCustomizer> (0x00000000ee113968) 
thrown [s\src\hotspot\share\classfile\systemDictionary.cpp, line 312]
Event: 58.100 Thread 0x000001326ed53430 Exception <a 'java/lang/ClassNotFoundException'{0x00000000ee1448c8}: groovy/lang/Closure$1Customizer> (0x00000000ee1448c8) 
thrown [s\src\hotspot\share\classfile\systemDictionary.cpp, line 312]
Event: 58.141 Thread 0x000001326ed53430 Exception <a 'java/lang/NoSuchMethodError'{0x00000000ee0ca0f8}: 'void java.lang.invoke.Invokers$Holder.invoke_MT(java.lang.Object, java.lang.Object, java.lang.Object, java.lang.Object)'> (0x00000000ee0ca0f8) 
thrown [s\src\hotspot\share\interpreter\linkResolver.cpp, line 773]
Event: 58.162 Thread 0x000001326ed53430 Exception <a 'java/lang/ClassNotFoundException'{0x00000000ede26ce8}: org/gradle/invocation/DefaultGradle_DecoratedBeanInfo> (0x00000000ede26ce8) 
thrown [s\src\hotspot\share\classfile\systemDictionary.cpp, line 312]
Event: 58.163 Thread 0x000001326ed53430 Exception <a 'java/lang/ClassNotFoundException'{0x00000000ede33df0}: org/gradle/invocation/DefaultGradleBeanInfo> (0x00000000ede33df0) 
thrown [s\src\hotspot\share\classfile\systemDictionary.cpp, line 312]
Event: 58.163 Thread 0x000001326ed53430 Exception <a 'java/lang/ClassNotFoundException'{0x00000000ede413c8}: org/gradle/api/internal/project/AbstractPluginAwareBeanInfo> (0x00000000ede413c8) 
thrown [s\src\hotspot\share\classfile\systemDictionary.cpp, line 312]
Event: 58.164 Thread 0x000001326ed53430 Exception <a 'java/lang/ClassNotFoundException'{0x00000000ede4ea40}: org/gradle/api/internal/project/AbstractPluginAwareCustomizer> (0x00000000ede4ea40) 
thrown [s\src\hotspot\share\classfile\systemDictionary.cpp, line 312]
Event: 58.165 Thread 0x000001326ed53430 Exception <a 'java/lang/ClassNotFoundException'{0x00000000ede61c38}: org/gradle/invocation/DefaultGradleCustomizer> (0x00000000ede61c38) 
thrown [s\src\hotspot\share\classfile\systemDictionary.cpp, line 312]
Event: 58.168 Thread 0x000001326ed53430 Exception <a 'java/lang/ClassNotFoundException'{0x00000000edea2790}: org/gradle/invocation/DefaultGradle_DecoratedCustomizer> (0x00000000edea2790) 
thrown [s\src\hotspot\share\classfile\systemDictionary.cpp, line 312]
Event: 58.234 Thread 0x000001326ed53430 Exception <a 'java/lang/NoSuchMethodError'{0x00000000edb981e0}: 'java.lang.Object java.lang.invoke.DirectMethodHandle$Holder.newInvokeSpecial(java.lang.Object, java.lang.Object, java.lang.Object, java.lang.Object, java.lang.Object, java.lang.Object, java.lang.Object, java.lang.Object, java.lang.Object)'> (0x00000000edb981e0) 
thrown [s\src\hotspot\share\interpreter\linkResolver.cpp, line 773]
Event: 58.247 Thread 0x000001326ed53430 Exception <a 'java/lang/IncompatibleClassChangeError'{0x00000000eda1cd68}: Found class java.lang.Object, but interface was expected> (0x00000000eda1cd68) 
thrown [s\src\hotspot\share\interpreter\linkResolver.cpp, line 840]
Event: 58.270 Thread 0x000001326ed53430 Exception <a 'sun/nio/fs/WindowsException'{0x00000000edafb210}> (0x00000000edafb210) 
thrown [s\src\hotspot\share\prims\jni.cpp, line 520]
Event: 58.272 Thread 0x000001326ed53430 Exception <a 'sun/nio/fs/WindowsException'{0x00000000edafc738}> (0x00000000edafc738) 
thrown [s\src\hotspot\share\prims\jni.cpp, line 520]
Event: 58.273 Thread 0x000001326ed53430 Exception <a 'sun/nio/fs/WindowsException'{0x00000000edafdc08}> (0x00000000edafdc08) 
thrown [s\src\hotspot\share\prims\jni.cpp, line 520]
Event: 58.274 Thread 0x000001326ed53430 Exception <a 'sun/nio/fs/WindowsException'{0x00000000edaff0e8}> (0x00000000edaff0e8) 
thrown [s\src\hotspot\share\prims\jni.cpp, line 520]
Event: 58.286 Thread 0x000001326ed53430 Exception <a 'java/lang/IncompatibleClassChangeError'{0x00000000ed96a568}: Found class java.lang.Object, but interface was expected> (0x00000000ed96a568) 
thrown [s\src\hotspot\share\interpreter\linkResolver.cpp, line 840]
Event: 58.306 Thread 0x000001326ed53430 Implicit null exception at 0x00000132491f617c to 0x00000132491f6234

ZGC Phase Switch (0 events):
No events

VM Operations (20 events):
Event: 57.830 Executing non-safepoint VM operation: HandshakeAllThreads (Deoptimize)
Event: 57.830 Executing non-safepoint VM operation: HandshakeAllThreads (Deoptimize) done
Event: 57.835 Executing non-safepoint VM operation: HandshakeAllThreads (Deoptimize)
Event: 57.835 Executing non-safepoint VM operation: HandshakeAllThreads (Deoptimize) done
Event: 57.845 Executing non-safepoint VM operation: HandshakeAllThreads (Deoptimize)
Event: 57.845 Executing non-safepoint VM operation: HandshakeAllThreads (Deoptimize) done
Event: 57.891 Executing safepoint VM operation: CollectForMetadataAllocation (Metadata GC Threshold)
Event: 57.896 Executing safepoint VM operation: CollectForMetadataAllocation (Metadata GC Threshold) done
Event: 57.907 Executing safepoint VM operation: G1PauseRemark
Event: 57.914 Executing safepoint VM operation: G1PauseRemark done
Event: 57.918 Executing safepoint VM operation: G1PauseCleanup
Event: 57.918 Executing safepoint VM operation: G1PauseCleanup done
Event: 57.925 Executing non-safepoint VM operation: HandshakeAllThreads (Deoptimize)
Event: 57.925 Executing non-safepoint VM operation: HandshakeAllThreads (Deoptimize) done
Event: 58.270 Executing non-safepoint VM operation: HandshakeAllThreads (Deoptimize)
Event: 58.271 Executing non-safepoint VM operation: HandshakeAllThreads (Deoptimize) done
Event: 58.280 Executing safepoint VM operation: ICBufferFull
Event: 58.280 Executing safepoint VM operation: ICBufferFull done
Event: 59.290 Executing safepoint VM operation: Cleanup
Event: 59.290 Executing safepoint VM operation: Cleanup done

Memory protections (0 events):
No events

Nmethod flushes (20 events):
Event: 57.913 Thread 0x0000013254131920 flushing  nmethod 0x00000132416a6110
Event: 57.913 Thread 0x0000013254131920 flushing  nmethod 0x00000132416aaa10
Event: 57.913 Thread 0x0000013254131920 flushing  nmethod 0x00000132416ab710
Event: 57.913 Thread 0x0000013254131920 flushing  nmethod 0x00000132416e4290
Event: 57.913 Thread 0x0000013254131920 flushing  nmethod 0x00000132416e4b90
Event: 57.913 Thread 0x0000013254131920 flushing  nmethod 0x00000132416e6390
Event: 57.913 Thread 0x0000013254131920 flushing  nmethod 0x00000132416e7790
Event: 57.913 Thread 0x0000013254131920 flushing  nmethod 0x0000013241707e90
Event: 57.913 Thread 0x0000013254131920 flushing  nmethod 0x0000013241712810
Event: 57.913 Thread 0x0000013254131920 flushing  nmethod 0x0000013241826110
Event: 57.913 Thread 0x0000013254131920 flushing  nmethod 0x0000013241826c90
Event: 57.913 Thread 0x0000013254131920 flushing  nmethod 0x0000013241828790
Event: 57.913 Thread 0x0000013254131920 flushing  nmethod 0x000001324182c090
Event: 57.913 Thread 0x0000013254131920 flushing  nmethod 0x000001324183bc10
Event: 57.913 Thread 0x0000013254131920 flushing  nmethod 0x0000013241848890
Event: 57.913 Thread 0x0000013254131920 flushing  nmethod 0x0000013241997790
Event: 57.913 Thread 0x0000013254131920 flushing  nmethod 0x00000132419b6610
Event: 57.913 Thread 0x0000013254131920 flushing  nmethod 0x00000132419ba690
Event: 57.913 Thread 0x0000013254131920 flushing  nmethod 0x00000132419cd410
Event: 57.913 Thread 0x0000013254131920 flushing  nmethod 0x00000132419e7090

Events (20 events):
Event: 24.292 Thread 0x000001326ed53430 Thread added: 0x000001326ed53ac0
Event: 24.294 Thread 0x000001326ed53430 Thread added: 0x000001326ed54150
Event: 27.074 Thread 0x000001326ed53430 Thread added: 0x000001326ed547e0
Event: 27.093 Thread 0x000001326ed53430 Thread added: 0x000001326ed54e70
Event: 29.758 Thread 0x000001326ed53430 Thread added: 0x000001326ed52080
Event: 42.455 Thread 0x0000013254170260 Thread added: 0x000001326fbd8220
Event: 43.467 Thread 0x000001326fbd8220 Thread exited: 0x000001326fbd8220
Event: 48.029 Thread 0x000001326ed53430 Thread added: 0x000001327024b040
Event: 48.273 Thread 0x000001326ed53430 Thread added: 0x0000013270248f70
Event: 51.642 Thread 0x000001326ed53430 Thread added: 0x0000013270248250
Event: 51.680 Thread 0x000001326ed53430 Thread added: 0x000001327024a320
Event: 55.984 Thread 0x000001326ed53430 Thread added: 0x000001327024b6d0
Event: 56.267 Thread 0x000001326ed53430 Thread added: 0x00000132702488e0
Event: 56.496 Thread 0x000001326ed53430 Thread added: 0x0000013270249600
Event: 56.713 Thread 0x000001326ed53430 Thread added: 0x0000013270249c90
Event: 56.941 Thread 0x0000013254170260 Thread added: 0x0000013270978360
Event: 57.069 Thread 0x0000013270978360 Thread exited: 0x0000013270978360
Event: 57.081 Thread 0x000001326ed53430 Thread added: 0x000001327024a9b0
Event: 57.150 Thread 0x000001325416ee70 Thread added: 0x000001326eea75a0
Event: 57.171 Thread 0x000001326ed53430 Thread added: 0x000001326e455a70


Dynamic libraries:
0x00007ff727990000 - 0x00007ff72799e000 	C:\Users\fuadh\.vscode\extensions\redhat.java-1.54.0-win32-x64\jre\21.0.10-win32-x86_64\bin\java.exe
0x00007ffd859a0000 - 0x00007ffd85c06000 	C:\WINDOWS\SYSTEM32\ntdll.dll
0x00007ffd83ec0000 - 0x00007ffd83f89000 	C:\WINDOWS\System32\KERNEL32.DLL
0x00007ffd83020000 - 0x00007ffd8341a000 	C:\WINDOWS\System32\KERNELBASE.dll
0x00007ffd82c30000 - 0x00007ffd82d7c000 	C:\WINDOWS\System32\ucrtbase.dll
0x00007ffd4d300000 - 0x00007ffd4d31e000 	C:\Users\fuadh\.vscode\extensions\redhat.java-1.54.0-win32-x64\jre\21.0.10-win32-x86_64\bin\VCRUNTIME140.dll
0x00007ffd4a140000 - 0x00007ffd4a158000 	C:\Users\fuadh\.vscode\extensions\redhat.java-1.54.0-win32-x64\jre\21.0.10-win32-x86_64\bin\jli.dll
0x00007ffd84a20000 - 0x00007ffd84be7000 	C:\WINDOWS\System32\USER32.dll
0x00007ffd6fd00000 - 0x00007ffd6ff92000 	C:\WINDOWS\WinSxS\amd64_microsoft.windows.common-controls_6595b64144ccf1df_6.0.26100.8521_none_3e08b75ce33403b3\COMCTL32.dll
0x00007ffd835a0000 - 0x00007ffd835c7000 	C:\WINDOWS\System32\win32u.dll
0x00007ffd84bf0000 - 0x00007ffd84c99000 	C:\WINDOWS\System32\msvcrt.dll
0x00007ffd85530000 - 0x00007ffd8555b000 	C:\WINDOWS\System32\GDI32.dll
0x00007ffd82d80000 - 0x00007ffd82eab000 	C:\WINDOWS\System32\gdi32full.dll
0x00007ffd83660000 - 0x00007ffd83703000 	C:\WINDOWS\System32\msvcp_win.dll
0x00007ffd85470000 - 0x00007ffd854a2000 	C:\WINDOWS\System32\IMM32.DLL
0x00007ffd6bbd0000 - 0x00007ffd6bbdc000 	C:\Users\fuadh\.vscode\extensions\redhat.java-1.54.0-win32-x64\jre\21.0.10-win32-x86_64\bin\vcruntime140_1.dll
0x00007ffd28a60000 - 0x00007ffd28aed000 	C:\Users\fuadh\.vscode\extensions\redhat.java-1.54.0-win32-x64\jre\21.0.10-win32-x86_64\bin\msvcp140.dll
0x00007ffc8dee0000 - 0x00007ffc8ec81000 	C:\Users\fuadh\.vscode\extensions\redhat.java-1.54.0-win32-x64\jre\21.0.10-win32-x86_64\bin\server\jvm.dll
0x00007ffd84880000 - 0x00007ffd84936000 	C:\WINDOWS\System32\ADVAPI32.dll
0x00007ffd857a0000 - 0x00007ffd8584a000 	C:\WINDOWS\System32\sechost.dll
0x00007ffd83710000 - 0x00007ffd83828000 	C:\WINDOWS\System32\RPCRT4.dll
0x00007ffd83e30000 - 0x00007ffd83eb0000 	C:\WINDOWS\System32\WS2_32.dll
0x00007ffd82a90000 - 0x00007ffd82aee000 	C:\WINDOWS\SYSTEM32\POWRPROF.dll
0x00007ffd7a8b0000 - 0x00007ffd7a8e6000 	C:\WINDOWS\SYSTEM32\WINMM.dll
0x00007ffd72780000 - 0x00007ffd7278b000 	C:\WINDOWS\SYSTEM32\VERSION.dll
0x00007ffd82a70000 - 0x00007ffd82a84000 	C:\WINDOWS\SYSTEM32\UMPDC.dll
0x00007ffd81980000 - 0x00007ffd8199b000 	C:\WINDOWS\SYSTEM32\kernel.appcore.dll
0x00007ffd696e0000 - 0x00007ffd696ea000 	C:\Users\fuadh\.vscode\extensions\redhat.java-1.54.0-win32-x64\jre\21.0.10-win32-x86_64\bin\jimage.dll
0x00007ffd709c0000 - 0x00007ffd70c02000 	C:\WINDOWS\SYSTEM32\DBGHELP.DLL
0x00007ffd84ca0000 - 0x00007ffd85023000 	C:\WINDOWS\System32\combase.dll
0x00007ffd84940000 - 0x00007ffd84a19000 	C:\WINDOWS\System32\OLEAUT32.dll
0x00007ffd6ffa0000 - 0x00007ffd6ffdb000 	C:\WINDOWS\SYSTEM32\dbgcore.DLL
0x00007ffd82eb0000 - 0x00007ffd82f58000 	C:\WINDOWS\System32\bcryptPrimitives.dll
0x00007ffd5a000000 - 0x00007ffd5a00f000 	C:\Users\fuadh\.vscode\extensions\redhat.java-1.54.0-win32-x64\jre\21.0.10-win32-x86_64\bin\instrument.dll
0x00007ffd40000000 - 0x00007ffd40020000 	C:\Users\fuadh\.vscode\extensions\redhat.java-1.54.0-win32-x64\jre\21.0.10-win32-x86_64\bin\java.dll
0x00007ffd84080000 - 0x00007ffd84804000 	C:\WINDOWS\System32\SHELL32.dll
0x00007ffd807d0000 - 0x00007ffd81050000 	C:\WINDOWS\SYSTEM32\windows.storage.dll
0x00007ffd85850000 - 0x00007ffd85946000 	C:\WINDOWS\System32\SHCORE.dll
0x00007ffd84810000 - 0x00007ffd84877000 	C:\WINDOWS\System32\shlwapi.dll
0x00007ffd82b50000 - 0x00007ffd82b79000 	C:\WINDOWS\SYSTEM32\profapi.dll
0x00007ffd3fef0000 - 0x00007ffd3ff08000 	C:\Users\fuadh\.vscode\extensions\redhat.java-1.54.0-win32-x64\jre\21.0.10-win32-x86_64\bin\zip.dll
0x00007ffd61b30000 - 0x00007ffd61b40000 	C:\Users\fuadh\.vscode\extensions\redhat.java-1.54.0-win32-x64\jre\21.0.10-win32-x86_64\bin\net.dll
0x00007ffd7c5b0000 - 0x00007ffd7c6d9000 	C:\WINDOWS\SYSTEM32\WINHTTP.dll
0x00007ffd81ed0000 - 0x00007ffd81f3c000 	C:\WINDOWS\system32\mswsock.dll
0x00007ffd2db10000 - 0x00007ffd2db26000 	C:\Users\fuadh\.vscode\extensions\redhat.java-1.54.0-win32-x64\jre\21.0.10-win32-x86_64\bin\nio.dll
0x00007ffd5f350000 - 0x00007ffd5f360000 	C:\Users\fuadh\.vscode\extensions\redhat.java-1.54.0-win32-x64\jre\21.0.10-win32-x86_64\bin\verify.dll
0x00007ffd2ae50000 - 0x00007ffd2ae77000 	C:\Users\fuadh\.gradle\native\c067742578af261105cb4f569cf0c3c89f3d7b1fecec35dd04571415982c5e48\windows-amd64\native-platform.dll
0x00007ffcee650000 - 0x00007ffcee794000 	C:\Users\fuadh\.gradle\native\100fb08df4bc3b14c8652ba06237920a3bd2aa13389f12d3474272988ae205f9\windows-amd64\native-platform-file-events.dll
0x00007ffd59fd0000 - 0x00007ffd59fda000 	C:\Users\fuadh\.vscode\extensions\redhat.java-1.54.0-win32-x64\jre\21.0.10-win32-x86_64\bin\management.dll
0x00007ffd4e100000 - 0x00007ffd4e10c000 	C:\Users\fuadh\.vscode\extensions\redhat.java-1.54.0-win32-x64\jre\21.0.10-win32-x86_64\bin\management_ext.dll
0x00007ffd85430000 - 0x00007ffd85438000 	C:\WINDOWS\System32\PSAPI.DLL
0x00007ffd822d0000 - 0x00007ffd822eb000 	C:\WINDOWS\SYSTEM32\CRYPTSP.dll
0x00007ffd818e0000 - 0x00007ffd81919000 	C:\WINDOWS\system32\rsaenh.dll
0x00007ffd81f80000 - 0x00007ffd81fb3000 	C:\WINDOWS\SYSTEM32\USERENV.dll
0x00007ffd82b20000 - 0x00007ffd82b4a000 	C:\WINDOWS\SYSTEM32\bcrypt.dll
0x00007ffd82130000 - 0x00007ffd8213c000 	C:\WINDOWS\SYSTEM32\CRYPTBASE.dll
0x00007ffd81360000 - 0x00007ffd81393000 	C:\WINDOWS\SYSTEM32\IPHLPAPI.DLL
0x00007ffd83f90000 - 0x00007ffd83f9a000 	C:\WINDOWS\System32\NSI.dll
0x00007ffd5f500000 - 0x00007ffd5f509000 	C:\Users\fuadh\.vscode\extensions\redhat.java-1.54.0-win32-x64\jre\21.0.10-win32-x86_64\bin\extnet.dll
0x00007ffd5fdf0000 - 0x00007ffd5fdfe000 	C:\Users\fuadh\.vscode\extensions\redhat.java-1.54.0-win32-x64\jre\21.0.10-win32-x86_64\bin\sunmscapi.dll
0x00007ffd83420000 - 0x00007ffd83598000 	C:\WINDOWS\System32\CRYPT32.dll
0x00007ffd82430000 - 0x00007ffd82460000 	C:\WINDOWS\SYSTEM32\ncrypt.dll
0x00007ffd823e0000 - 0x00007ffd8241f000 	C:\WINDOWS\SYSTEM32\NTASN1.dll
0x00007ffd6df80000 - 0x00007ffd6df88000 	C:\WINDOWS\system32\wshunix.dll

JVMTI agents:
C:\Users\fuadh\.gradle\wrapper\dists\gradle-8.9-bin\90cnw93cvbtalezasaz0blq0a\gradle-8.9\lib\agents\gradle-instrumentation-agent-8.9.jar path:C:\Users\fuadh\.vscode\extensions\redhat.java-1.54.0-win32-x64\jre\21.0.10-win32-x86_64\bin\instrument.dll, loaded, initialized, instrumentlib options:none

dbghelp: loaded successfully - version: 4.0.5 - missing functions: none
symbol engine: initialized successfully - sym options: 0x614 - pdb path: .;C:\Users\fuadh\.vscode\extensions\redhat.java-1.54.0-win32-x64\jre\21.0.10-win32-x86_64\bin;C:\WINDOWS\SYSTEM32;C:\WINDOWS\WinSxS\amd64_microsoft.windows.common-controls_6595b64144ccf1df_6.0.26100.8521_none_3e08b75ce33403b3;C:\Users\fuadh\.vscode\extensions\redhat.java-1.54.0-win32-x64\jre\21.0.10-win32-x86_64\bin\server;C:\Users\fuadh\.gradle\native\c067742578af261105cb4f569cf0c3c89f3d7b1fecec35dd04571415982c5e48\windows-amd64;C:\Users\fuadh\.gradle\native\100fb08df4bc3b14c8652ba06237920a3bd2aa13389f12d3474272988ae205f9\windows-amd64

VM Arguments:
jvm_args: --add-opens=java.base/java.util=ALL-UNNAMED --add-opens=java.base/java.lang=ALL-UNNAMED --add-opens=java.base/java.lang.invoke=ALL-UNNAMED --add-opens=java.prefs/java.util.prefs=ALL-UNNAMED --add-exports=jdk.compiler/com.sun.tools.javac.api=ALL-UNNAMED --add-exports=jdk.compiler/com.sun.tools.javac.util=ALL-UNNAMED --add-opens=java.base/java.nio.charset=ALL-UNNAMED --add-opens=java.base/java.net=ALL-UNNAMED --add-opens=java.base/java.util.concurrent.atomic=ALL-UNNAMED -XX:MaxMetaspaceSize=384m -XX:+HeapDumpOnOutOfMemoryError -Xms256m -Xmx512m -Dfile.encoding=utf8 -Duser.country=US -Duser.language=en -Duser.variant -javaagent:C:\Users\fuadh\.gradle\wrapper\dists\gradle-8.9-bin\90cnw93cvbtalezasaz0blq0a\gradle-8.9\lib\agents\gradle-instrumentation-agent-8.9.jar 
java_command: org.gradle.launcher.daemon.bootstrap.GradleDaemon 8.9
java_class_path (initial): C:\Users\fuadh\.gradle\wrapper\dists\gradle-8.9-bin\90cnw93cvbtalezasaz0blq0a\gradle-8.9\lib\gradle-daemon-main-8.9.jar
Launcher Type: SUN_STANDARD

[Global flags]
     intx CICompilerCount                          = 4                                         {product} {ergonomic}
   size_t CompressedClassSpaceSize                 = 335544320                                 {product} {ergonomic}
     uint ConcGCThreads                            = 3                                         {product} {ergonomic}
     uint G1ConcRefinementThreads                  = 10                                        {product} {ergonomic}
   size_t G1HeapRegionSize                         = 1048576                                   {product} {ergonomic}
    uintx GCDrainStackTargetSize                   = 64                                        {product} {ergonomic}
     bool HeapDumpOnOutOfMemoryError               = true                                   {manageable} {command line}
   size_t InitialHeapSize                          = 268435456                                 {product} {command line}
   size_t MarkStackSize                            = 4194304                                   {product} {ergonomic}
   size_t MaxHeapSize                              = 536870912                                 {product} {command line}
   size_t MaxMetaspaceSize                         = 402653184                                 {product} {command line}
   size_t MaxNewSize                               = 321912832                                 {product} {ergonomic}
   size_t MinHeapDeltaBytes                        = 1048576                                   {product} {ergonomic}
   size_t MinHeapSize                              = 268435456                                 {product} {command line}
    uintx NonNMethodCodeHeapSize                   = 5839372                                {pd product} {ergonomic}
    uintx NonProfiledCodeHeapSize                  = 122909434                              {pd product} {ergonomic}
    uintx ProfiledCodeHeapSize                     = 122909434                              {pd product} {ergonomic}
    uintx ReservedCodeCacheSize                    = 251658240                              {pd product} {ergonomic}
     bool SegmentedCodeCache                       = true                                      {product} {ergonomic}
   size_t SoftMaxHeapSize                          = 536870912                              {manageable} {ergonomic}
     bool UseCompressedOops                        = true                           {product lp64_product} {ergonomic}
     bool UseG1GC                                  = true                                      {product} {ergonomic}
     bool UseLargePagesIndividualAllocation        = false                                  {pd product} {ergonomic}

Logging:
Log output configuration:
 #0: stdout all=warning uptime,level,tags foldmultilines=false
 #1: stderr all=off uptime,level,tags foldmultilines=false

Release file:
JAVA_VERSION="21.0.10" 
MODULES="java.base java.compiler java.datatransfer java.xml java.prefs java.desktop java.instrument java.logging java.management java.security.sasl java.naming java.rmi java.management.rmi java.net.http java.scripting java.security.jgss java.transaction.xa java.sql java.sql.rowset java.xml.crypto java.se java.smartcardio jdk.accessibility jdk.internal.jvmstat jdk.attach jdk.charsets jdk.internal.opt jdk.zipfs jdk.compiler jdk.crypto.ec jdk.crypto.cryptoki jdk.crypto.mscapi jdk.dynalink jdk.internal.ed jdk.editpad jdk.hotspot.agent jdk.httpserver jdk.internal.le jdk.internal.vm.ci jdk.internal.vm.compiler jdk.internal.vm.compiler.management jdk.jartool jdk.javadoc jdk.jcmd jdk.management jdk.management.agent jdk.jconsole jdk.jdeps jdk.jdwp.agent jdk.jdi jdk.jfr jdk.jshell jdk.jsobject jdk.jstatd jdk.localedata jdk.management.jfr jdk.naming.dns jdk.naming.rmi jdk.net jdk.nio.mapmode jdk.random jdk.sctp jdk.security.auth jdk.security.jgss jdk.unsupported jdk.unsupported.desktop jdk.xml.dom" 

Environment Variables:
JAVA_HOME=C:\Program Files\Eclipse Adoptium\jdk-17.0.18.8-hotspot
PATH=C:\Program Files\Eclipse Adoptium\jdk-17.0.18.8-hotspot\bin;C:\WINDOWS\system32;C:\WINDOWS;C:\WINDOWS\System32\Wbem;C:\WINDOWS\System32\WindowsPowerShell\v1.0\;C:\WINDOWS\System32\OpenSSH\;C:\Program Files\Git\cmd;C:\Program Files\nodejs\;C:\Program Files (x86)\cloudflared\;C:\Users\fuadh\AppData\Local\Android\Sdk\platform-tools;C:\Users\fuadh\AppData\Local\Android\Sdk\emulator;C:\Program Files\Eclipse Adoptium\jdk-17.0.18.8-hotspot\bin;C:\Users\fuadh\AppData\Roaming\npm;C:\Program Files\Docker\Docker\resources\bin;C:\Program Files\php-8.5.6;C:\Program Files\Go\bin;C:\Users\fuadh\.local\bin;C:\Users\fuadh\AppData\Local\Programs\Eclipse Adoptium\jdk-25.0.2.10-hotspot\bin;C:\Users\fuadh\AppData\Local\Microsoft\WindowsApps;C:\Users\fuadh\AppData\Local\Programs\Microsoft VS Code\bin;C:\Users\fuadh\go\bin
USERNAME=fuadh
OS=Windows_NT
PROCESSOR_IDENTIFIER=Intel64 Family 6 Model 151 Stepping 5, GenuineIntel
TMP=C:\Users\fuadh\AppData\Local\Temp
TEMP=C:\Users\fuadh\AppData\Local\Temp




Periodic native trim disabled

---------------  S Y S T E M  ---------------

OS:
 Windows 11 , 64 bit Build 26100 (10.0.26100.8521)
OS uptime: 5 days 14:01 hours
Hyper-V role detected

CPU: total 12 (initial active 12) (6 cores per cpu, 2 threads per core) family 6 model 151 stepping 5 microcode 0x18, cx8, cmov, fxsr, ht, mmx, 3dnowpref, sse, sse2, sse3, ssse3, sse4.1, sse4.2, popcnt, lzcnt, tsc, tscinvbit, avx, avx2, aes, erms, clmul, bmi1, bmi2, adx, sha, fma, vzeroupper, clflush, clflushopt, clwb, hv, serialize, rdtscp, rdpid, fsrm, f16c, cet_ibt, cet_ss
Processor Information for the first 12 processors :
  Max Mhz: 2500, Current Mhz: 2500, Mhz Limit: 2500

Memory: 4k page, system-wide physical 16171M (289M free)
TotalPageFile size 65323M (AvailPageFile size 0M)
current process WorkingSet (physical memory assigned to process): 322M, peak: 342M
current process commit charge ("private bytes"): 466M, peak: 472M

vm_info: OpenJDK 64-Bit Server VM (21.0.10+7-LTS) for windows-amd64 JRE (21.0.10+7-LTS), built on 2026-01-20T00:00:00Z by "admin" with MS VC++ 17.12 (VS2022)

END.
